Resolving dependencies...
Downloading packages...
  app_links 7.2.0 (7.2.1 available)
  app_links_platform_interface 2.0.3 (2.0.4 available)
  cli_util 0.4.2 (0.5.2 available)
  dbus 0.7.13 (0.7.14 available)
  extension 0.6.0 (1.0.0 available)
  flutter_dotenv 5.2.1 (6.0.1 available)
  flutter_launcher_icons 0.13.1 (0.14.4 available)
  flutter_lints 4.0.0 (6.0.0 available)
  freezed_annotation 2.4.4 (3.1.0 available)
  go_router 14.8.1 (17.3.0 available)
  lints 4.0.0 (6.1.0 available)
  matcher 0.12.19 (0.12.20 available)
  meta 1.18.0 (1.19.0 available)
  package_info_plus 9.0.1 (10.2.1 available)
  package_info_plus_platform_interface 3.2.1 (4.1.0 available)
  passkeys_platform_interface 2.8.0 (2.9.0 available)
  posix 6.5.0 (6.5.2 available)
  shared_preferences_android 2.4.26 (2.4.27 available)
  synchronized 3.4.1 (3.4.1+1 available)
  test_api 0.7.11 (0.7.13 available)
  uuid 4.5.3 (4.6.0 available)
  vector_math 2.2.0 (2.4.1 available)
  win32 5.15.0 (6.3.0 available)
Got dependencies!
23 packages have newer versions incompatible with dependency constraints.
Try `flutter pub outdated` for more information.

✅ /home/runner/work/ssambership-app/ssambership-app/test/auth/auth_access_test.dart: active + student/mentor → full
✅ /home/runner/work/ssambership-app/ssambership-app/test/auth/auth_access_test.dart: 계정 상태 조회 실패(fetchFailed) → full 아님 + 재시도 가능 차단
✅ /home/runner/work/ssambership-app/ssambership-app/test/auth/auth_access_test.dart: role 조회 실패 → active 취급 금지(차단) + 재시도 가능
✅ /home/runner/work/ssambership-app/ssambership-app/test/auth/auth_access_test.dart: banned/suspended → 차단(재시도 아님)
✅ /home/runner/work/ssambership-app/ssambership-app/test/auth/auth_access_test.dart: deletionLocked/deleted → 비복구 차단(재시도 버튼·자동 재시도 없음)
✅ /home/runner/work/ssambership-app/ssambership-app/test/auth/auth_access_test.dart: deletionPending(취소 창) → 이용 허용(full) — 서버도 쓰기를 막지 않음
✅ /home/runner/work/ssambership-app/ssambership-app/test/auth/auth_access_test.dart: admin → 차단(계정이 정상이어도) + 재시도 아님
✅ /home/runner/work/ssambership-app/ssambership-app/test/auth/auth_access_test.dart: role 불명(행에 역할 없음·실패 아님) → 차단이되 재시도 아님
✅ /home/runner/work/ssambership-app/ssambership-app/test/auth/auth_access_test.dart: 부팅 중/로그아웃/게스트 분기 유지
✅ /home/runner/work/ssambership-app/ssambership-app/test/auth/account_status_test.dart: users.status 판정(서버와 동일: lower 비교, 그 외 값은 active) active → active(이용 가능)
✅ /home/runner/work/ssambership-app/ssambership-app/test/auth/account_status_test.dart: users.status 판정(서버와 동일: lower 비교, 그 외 값은 active) 정본 밖 status 값(free text)은 서버와 동일하게 active 취급
✅ /home/runner/work/ssambership-app/ssambership-app/test/auth/account_status_test.dart: users.status 판정(서버와 동일: lower 비교, 그 외 값은 active) banned → banned(영구 차단·재시도 아님)
✅ /home/runner/work/ssambership-app/ssambership-app/test/auth/account_status_test.dart: users.status 판정(서버와 동일: lower 비교, 그 외 값은 active) 대소문자 무시: BANNED 도 banned(서버 lower(status) 비교와 동일)
✅ /home/runner/work/ssambership-app/ssambership-app/test/auth/account_status_test.dart: users.status 판정(서버와 동일: lower 비교, 그 외 값은 active) suspended + suspended_until 미래 → suspended(해제일 안내 포함)
✅ /home/runner/work/ssambership-app/ssambership-app/test/auth/account_status_test.dart: users.status 판정(서버와 동일: lower 비교, 그 외 값은 active) suspended + suspended_until 과거 → 서버와 동일하게 active 취급
✅ /home/runner/work/ssambership-app/ssambership-app/test/auth/account_status_test.dart: users.status 판정(서버와 동일: lower 비교, 그 외 값은 active) suspended + suspended_until NULL → 무기한 정지(차단)
✅ /home/runner/work/ssambership-app/ssambership-app/test/auth/account_status_test.dart: account_deletion_jobs 판정 pending → deletionPending(취소 창: 이용 허용 + 안내 문구)
✅ /home/runner/work/ssambership-app/ssambership-app/test/auth/account_status_test.dart: account_deletion_jobs 판정 locked/purging 등 write-block 상태 → deletionLocked(비복구 차단)
✅ /home/runner/work/ssambership-app/ssambership-app/test/auth/account_status_test.dart: account_deletion_jobs 판정 completed → deleted(재가입 안내·비복구)
✅ /home/runner/work/ssambership-app/ssambership-app/test/auth/account_status_test.dart: account_deletion_jobs 판정 canceled/failed 잡은 없던 일로(active)
✅ /home/runner/work/ssambership-app/ssambership-app/test/auth/account_status_test.dart: account_deletion_jobs 판정 잡이 여러 개면 write-block > completed > pending 우선
✅ /home/runner/work/ssambership-app/ssambership-app/test/auth/account_status_test.dart: account_deletion_jobs 판정 ★fail-closed: 잡 행 select throw → fetchFailed(빈 목록 흡수 금지)
✅ /home/runner/work/ssambership-app/ssambership-app/test/auth/account_status_test.dart: account_deletion_jobs 판정 ★fail-closed: write-block RPC throw → fetchFailed(active 통과 금지)
✅ /home/runner/work/ssambership-app/ssambership-app/test/auth/account_status_test.dart: account_deletion_jobs 판정 write-block RPC true(직접 select 은 RLS 로 0행이어도) → deletionLocked
✅ /home/runner/work/ssambership-app/ssambership-app/test/auth/account_status_test.dart: account_deletion_jobs 판정 잡 0행 + write-block false → 정상 active(유일한 통과 경로)
✅ /home/runner/work/ssambership-app/ssambership-app/test/auth/account_status_test.dart: account_deletion_jobs 판정 banned + pending 잡 → banned 이 우선(차단 유지)
✅ /home/runner/work/ssambership-app/ssambership-app/test/auth/account_status_test.dart: 조회 실패 → fetchFailed(재시도 가능 차단 — active 도 banned 도 아님) users read throw → fetchFailed
✅ /home/runner/work/ssambership-app/ssambership-app/test/auth/account_status_test.dart: 조회 실패 → fetchFailed(재시도 가능 차단 — active 도 banned 도 아님) users 행 없음 → fetchFailed(통과 금지·재시도 가능)
✅ /home/runner/work/ssambership-app/ssambership-app/test/notifications/cr_gate_test.dart: 게이트 코드는 정확히 2종 — 부분 문자열 의미 없음(exact 비교)
✅ /home/runner/work/ssambership-app/ssambership-app/test/notifications/cr_gate_test.dart: 페이지 경계에 게이트 타입이 섞여도 중복·누락 0 · hasMore 정확 · (created_at,id) cursor 유지
✅ /home/runner/work/ssambership-app/ssambership-app/test/notifications/cr_gate_test.dart: 전부 게이트 타입이면 빈 상태 — hasNext false
✅ /home/runner/work/ssambership-app/ssambership-app/test/notifications/cr_gate_test.dart: 다른 타입(unknown 포함)은 기존 안전 fallback 그대로 통과
✅ /home/runner/work/ssambership-app/ssambership-app/test/notifications/notification_card_test.dart: 유형칩·본문·읽음 버튼 렌더 + 탭/읽음 콜백
✅ /home/runner/work/ssambership-app/ssambership-app/test/notifications/notification_card_test.dart: 읽은 알림은 "읽음" 버튼이 없다
✅ /home/runner/work/ssambership-app/ssambership-app/test/notifications/notification_card_test.dart: data.title 이 있으면 제목도 렌더
✅ /home/runner/work/ssambership-app/ssambership-app/test/notifications/notification_card_test.dart: 맞춤의뢰·기타 유형도 한글 칩으로 렌더(코드 비노출)
✅ /home/runner/work/ssambership-app/ssambership-app/test/notifications/cr_gate_test.dart: 알림 화면: 맞춤의뢰 전용 필터 칩 미노출(다른 칩은 유지)
✅ /home/runner/work/ssambership-app/ssambership-app/test/notifications/cr_gate_test.dart: 알림 설정: 서버 key order 는 호환 유지, 라벨만 개별질문 알림으로
✅ /home/runner/work/ssambership-app/ssambership-app/test/notifications/notifications_repository_test.dart: assembleNotificationsPage(순수 조립 로직) pageSize 이하 → hasNext=false, next=null
✅ /home/runner/work/ssambership-app/ssambership-app/test/notifications/notifications_repository_test.dart: assembleNotificationsPage(순수 조립 로직) pageSize+1 → 초과분 잘라내고 hasNext=true + 마지막 행 원문 커서
✅ /home/runner/work/ssambership-app/ssambership-app/test/notifications/notifications_repository_test.dart: assembleNotificationsPage(순수 조립 로직) 빈 결과 → 빈 페이지
✅ /home/runner/work/ssambership-app/ssambership-app/test/notifications/notifications_repository_test.dart: notificationsAfterFilter — (created_at,id) 키셋 or 식(원문 통과)
✅ /home/runner/work/ssambership-app/ssambership-app/test/notifications/notifications_repository_test.dart: 키셋 다중 페이지 타일링(경계 동일 created_at) 동일 created_at 이 페이지 경계에 걸려도 중복·누락 없음
✅ /home/runner/work/ssambership-app/ssambership-app/test/notifications/notifications_repository_test.dart: 키셋 다중 페이지 타일링(경계 동일 created_at) 전 행이 동일 created_at 이어도 id 타이브레이커로 전진한다
✅ /home/runner/work/ssambership-app/ssambership-app/test/notifications/notifications_repository_test.dart: appendNotificationsDeduped — 이미 본 id 는 다시 넣지 않는다
✅ /home/runner/work/ssambership-app/ssambership-app/test/notifications/notification_classify_test.dart: 정본 17종 — 타입·분류·목적지 정확 매핑(테이블 전수)
✅ /home/runner/work/ssambership-app/ssambership-app/test/notifications/notification_classify_test.dart: 유사 문자열은 매핑되지 않는다(정확 일치 — 부분/접두 매칭 금지)
✅ /home/runner/work/ssambership-app/ssambership-app/test/notifications/notification_classify_test.dart: 대소문자·공백만 정규화 — QUESTION_ANSWERED 도 매핑된다
✅ /home/runner/work/ssambership-app/ssambership-app/test/notifications/notification_classify_test.dart: 미지·빈 타입 → unknown = 기타 분류 + 이동 없음(숨기지 않음)
✅ /home/runner/work/ssambership-app/ssambership-app/test/notifications/notification_classify_test.dart: 회귀: 일시중지·구독종료 공지는 unknown 이 아니다(P2-15)
✅ /home/runner/work/ssambership-app/ssambership-app/test/notifications/notification_classify_test.dart: fromMap: 타입·제목·본문·읽음·메타데이터 파싱
✅ /home/runner/work/ssambership-app/ssambership-app/test/notifications/notification_classify_test.dart: fromMap: 개별질문 metadata.question_id 파싱
✅ /home/runner/work/ssambership-app/ssambership-app/test/notifications/notification_classify_test.dart: fromMap: is_read 우선 + 레거시 read 폴백
✅ /home/runner/work/ssambership-app/ssambership-app/test/notifications/notification_classify_test.dart: 본문 비면 유형별 폴백(날조 아님) — 맞춤의뢰·기타 포함
✅ /home/runner/work/ssambership-app/ssambership-app/test/notifications/notification_classify_test.dart: fromMap: data/metadata 누락·이형에 관대(크래시 금지)
✅ /home/runner/work/ssambership-app/ssambership-app/test/notifications/notifications_screen_test.dart: 모든 유형 렌더 — 맞춤의뢰·환불·미지 포함(숨김 없음) + 안읽음 카운트
✅ /home/runner/work/ssambership-app/ssambership-app/test/notifications/notifications_screen_test.dart: 필터 칩: 맞춤의뢰 칩 미노출(CR 게이트 OFF), 기타 는 전용 칩 없음(전체에서만)
✅ /home/runner/work/ssambership-app/ssambership-app/test/notifications/notifications_screen_test.dart: 딥링크: 질문방→질문방 탭, 구독→마이페이지, 개별질문→개별질문 탭, 맞춤의뢰·미지→이동 없음(읽음 처리만)
✅ /home/runner/work/ssambership-app/ssambership-app/test/notifications/notifications_screen_test.dart: 읽음 처리 성공 → repo 호출 + 안읽음 카운트 감소
✅ /home/runner/work/ssambership-app/ssambership-app/test/notifications/notifications_screen_test.dart: 읽음 처리 실패 → 미읽음 유지 + 스낵바(성공 후에만 UI 반영)
✅ /home/runner/work/ssambership-app/ssambership-app/test/notifications/notifications_screen_test.dart: 모두 읽음 성공 → RPC 1회 + 전부 읽음 + 카운트 0
✅ /home/runner/work/ssambership-app/ssambership-app/test/notifications/notifications_screen_test.dart: 모두 읽음 실패 → 이전 상태 유지 + 스낵바
✅ /home/runner/work/ssambership-app/ssambership-app/test/notifications/notifications_screen_test.dart: 새로고침 실패 → 기존 목록 유지 + 스낵바
✅ /home/runner/work/ssambership-app/ssambership-app/test/notifications/notifications_screen_test.dart: 더 보기: 커서 전달 + 경계 중복 id 는 한 번만 표시
✅ /home/runner/work/ssambership-app/ssambership-app/test/notifications/notifications_screen_test.dart: 낡은 응답 폐기: 새로고침 뒤 도착한 이전 세대 더 보기 응답은 버린다
✅ /home/runner/work/ssambership-app/ssambership-app/test/notifications/notifications_screen_test.dart: 첫 로드 실패 → 오류 안내 + 다시 시도로 복구
✅ /home/runner/work/ssambership-app/ssambership-app/test/notifications/notifications_screen_test.dart: 빈 상태 안내
✅ /home/runner/work/ssambership-app/ssambership-app/test/core_scan/image_downscaler_test.dart: downscaleIfOversized — compute 이관 후에도 기존 계약 유지(P3-5) 초과 JPEG → 장변 캡 + JPEG 재인코딩, MIME·확장자 일치(.jpg/image/jpeg)
✅ /home/runner/work/ssambership-app/ssambership-app/test/core_scan/image_downscaler_test.dart: downscaleIfOversized — compute 이관 후에도 기존 계약 유지(P3-5) 투명 픽셀 있는 PNG → PNG 유지(알파 보존), MIME 도 image/png 유지
✅ /home/runner/work/ssambership-app/ssambership-app/test/core_scan/image_downscaler_test.dart: downscaleIfOversized — compute 이관 후에도 기존 계약 유지(P3-5) 불투명 PNG → JPEG 전환, 확장자(.jpg)와 MIME(image/jpeg) 둘 다 변경(P2-20)
✅ /home/runner/work/ssambership-app/ssambership-app/test/core_scan/image_downscaler_test.dart: downscaleIfOversized — compute 이관 후에도 기존 계약 유지(P3-5) 한도(기본 5MB) 이하면 원본 그대로 — 동일 인스턴스 통과
✅ /home/runner/work/ssambership-app/ssambership-app/test/core_scan/image_downscaler_test.dart: downscaleIfOversized — compute 이관 후에도 기존 계약 유지(P3-5) 경계: 정확히 maxBytes 면 원본 유지, 1 바이트 초과부터 축소(5MB 경계 규약)
✅ /home/runner/work/ssambership-app/ssambership-app/test/core_scan/image_downscaler_test.dart: downscaleIfOversized — compute 이관 후에도 기존 계약 유지(P3-5) 디코드 불가 바이트 → 원본 반환(하류 검증이 안내)
✅ /home/runner/work/ssambership-app/ssambership-app/test/core_scan/image_downscaler_test.dart: downscaleIfOversized — compute 이관 후에도 기존 계약 유지(P3-5) 축소해도 maxBytes 초과면 원본 반환(하류 거부 위임)
✅ /home/runner/work/ssambership-app/ssambership-app/test/core_scan/image_downscaler_test.dart: downscaleFlattenBackground — 평탄화 배경 장변 캡(P2-20) 장변 초과 배경 → maxLongSide 로 축소(바이트 한도와 무관)
✅ /home/runner/work/ssambership-app/ssambership-app/test/core_scan/image_downscaler_test.dart: downscaleFlattenBackground — 평탄화 배경 장변 캡(P2-20) 투명 배경은 PNG 로 재인코딩돼 알파가 보존된다
✅ /home/runner/work/ssambership-app/ssambership-app/test/core_scan/image_downscaler_test.dart: downscaleFlattenBackground — 평탄화 배경 장변 캡(P2-20) 장변이 이미 한도 이하면 원본 바이트 그대로
✅ /home/runner/work/ssambership-app/ssambership-app/test/core_scan/image_downscaler_test.dart: downscaleFlattenBackground — 평탄화 배경 장변 캡(P2-20) 디코드 불가 바이트는 원본 그대로(예외 없이)
✅ /home/runner/work/ssambership-app/ssambership-app/test/core_scan/pdf_scan_flow_test.dart: expandScanPick (소스 계층 공통 — 화면 무분기 규약) 이미지는 그리드 없이 그대로 1장
✅ /home/runner/work/ssambership-app/ssambership-app/test/core_scan/pdf_scan_flow_test.dart: expandScanPick (소스 계층 공통 — 화면 무분기 규약) 1페이지 PDF 는 그리드 없이 본렌더 1장(장변 2560 규약)
✅ /home/runner/work/ssambership-app/ssambership-app/test/core_scan/pdf_scan_flow_test.dart: expandScanPick (소스 계층 공통 — 화면 무분기 규약) 0페이지 PDF → 열기 실패 폴백(AppError) + 핸들 해제
✅ /home/runner/work/ssambership-app/ssambership-app/test/core_scan/scan_source_flow_test.dart: 첨부 탭 → 바텀시트 3택(촬영·갤러리·파일) 렌더
✅ /home/runner/work/ssambership-app/ssambership-app/test/core_scan/scan_source_flow_test.dart: 촬영 선택 → scanPicker.pick(camera) + 미리보기(파일명)
✅ /home/runner/work/ssambership-app/ssambership-app/test/core_scan/scan_source_flow_test.dart: 파일 선택 → scanPicker.pick(file)
✅ /home/runner/work/ssambership-app/ssambership-app/test/core_scan/scan_source_flow_test.dart: 갤러리 선택 → 기존 imagePicker 포트 호출(하위호환 주입 지점)
✅ /home/runner/work/ssambership-app/ssambership-app/test/core_scan/scan_source_flow_test.dart: 미지원 확장자 거부: AppError 폴백 안내가 원문 비노출 규약으로 표시
✅ /home/runner/work/ssambership-app/ssambership-app/test/core_scan/scan_source_flow_test.dart: 시트 취소(바깥 탭) → 아무 포트도 호출되지 않는다(무동작)
✅ /home/runner/work/ssambership-app/ssambership-app/test/core_scan/pdf_scan_flow_test.dart: IQ 작성 — PDF 수락 경로(화면은 PDF 를 모른다) 다중 페이지 PDF → 그리드 → 3페이지 선택 → 첨부 3장
✅ /home/runner/work/ssambership-app/ssambership-app/test/core_scan/scan_source_flow_test.dart: downscaleIfOversized (§6-4 초과 리사이즈 — S17: JPEG 재인코딩) 초과 사진류 → 장변 캡 + JPEG(품질85) 재인코딩으로 한도 안
✅ /home/runner/work/ssambership-app/ssambership-app/test/core_scan/scan_source_flow_test.dart: downscaleIfOversized (§6-4 초과 리사이즈 — S17: JPEG 재인코딩) 투명 픽셀이 있으면 PNG 유지(알파 보존)
✅ /home/runner/work/ssambership-app/ssambership-app/test/core_scan/scan_source_flow_test.dart: downscaleIfOversized (§6-4 초과 리사이즈 — S17: JPEG 재인코딩) 한도 이하면 원본 그대로(무손실 통과)
✅ /home/runner/work/ssambership-app/ssambership-app/test/core_scan/scan_source_flow_test.dart: downscaleIfOversized (§6-4 초과 리사이즈 — S17: JPEG 재인코딩) 디코드 불가 바이트는 원본 반환 → 하류 검증이 기존 문구로 거부
✅ /home/runner/work/ssambership-app/ssambership-app/test/core_scan/pdf_scan_flow_test.dart: IQ 작성 — PDF 수락 경로(화면은 PDF 를 모른다) 썸네일은 보이는 칸만 지연 렌더(50페이지 문제집 보호)
✅ /home/runner/work/ssambership-app/ssambership-app/test/core_scan/pdf_scan_flow_test.dart: IQ 작성 — PDF 수락 경로(화면은 PDF 를 모른다) 선택 상한 초과 → 즉시 안내 + 선택 유지 안 됨
✅ /home/runner/work/ssambership-app/ssambership-app/test/labels/question_room_labels_test.dart: QuestionRoomLabels.threadStatus (웹 기준 매핑) pending → "답변 대기"
✅ /home/runner/work/ssambership-app/ssambership-app/test/labels/question_room_labels_test.dart: QuestionRoomLabels.threadStatus (웹 기준 매핑) answered → "진행 중" (답변 완료 아님)
✅ /home/runner/work/ssambership-app/ssambership-app/test/labels/question_room_labels_test.dart: QuestionRoomLabels.threadStatus (웹 기준 매핑) confirmed → "답변 완료"
✅ /home/runner/work/ssambership-app/ssambership-app/test/labels/question_room_labels_test.dart: QuestionRoomLabels.threadStatus (웹 기준 매핑) open 은 내부 기본값으로 answered 와 동일 취급("진행 중")
✅ /home/runner/work/ssambership-app/ssambership-app/test/labels/question_room_labels_test.dart: QuestionRoomLabels.threadStatus (웹 기준 매핑) 모든 상태가 영문 코드를 그대로 노출하지 않는다
✅ /home/runner/work/ssambership-app/ssambership-app/test/labels/question_room_labels_test.dart: QuestionRoomLabels.noteAuthorRole student → "학생", mentor → "멘토"
✅ /home/runner/work/ssambership-app/ssambership-app/test/labels/question_room_labels_test.dart: QuestionRoomLabels.masteryStatus 코드별 한글 라벨
✅ /home/runner/work/ssambership-app/ssambership-app/test/core_scan/pdf_scan_flow_test.dart: IQ 작성 — PDF 수락 경로(화면은 PDF 를 모른다) 남은 슬롯 연동: 기존 4장이면 그리드 상한이 1
✅ /home/runner/work/ssambership-app/ssambership-app/test/core_scan/pdf_scan_flow_test.dart: IQ 작성 — PDF 수락 경로(화면은 PDF 를 모른다) 암호화/손상 PDF → 폴백 문구 스낵바(§6-4)
✅ /home/runner/work/ssambership-app/ssambership-app/test/core_scan/pdf_scan_flow_test.dart: IQ 작성 — PDF 수락 경로(화면은 PDF 를 모른다) 그리드 취소(뒤로) → 무동작(첨부 0)
✅ /home/runner/work/ssambership-app/ssambership-app/test/ink/ink_document_test.dart: toJson→fromJson 왕복 시 캔버스·모드·스케치가 보존된다
✅ /home/runner/work/ssambership-app/ssambership-app/test/ink/ink_document_test.dart: 스트로크가 없으면 isEmpty=true
✅ /home/runner/work/ssambership-app/ssambership-app/test/ink/ink_document_test.dart: format 식별자가 다르면 FormatException
✅ /home/runner/work/ssambership-app/ssambership-app/test/ink/ink_document_test.dart: canvas/sketch 누락 시 FormatException
✅ /home/runner/work/ssambership-app/ssambership-app/test/ink/ink_document_test.dart: 알 수 없는 input_mode 는 펜 전용으로 안전 복원
✅ /home/runner/work/ssambership-app/ssambership-app/test/ink/ink_coordinate_mapper_test.dart: 가로로 긴 이미지: contain fit 이 상하 여백을 만들고 비율을 유지한다
✅ /home/runner/work/ssambership-app/ssambership-app/test/ink/ink_coordinate_mapper_test.dart: 세로로 긴 이미지: 좌우 여백·중앙 정렬
✅ /home/runner/work/ssambership-app/ssambership-app/test/ink/ink_coordinate_mapper_test.dart: normalize↔denormalize 왕복이 원점을 보존한다
✅ /home/runner/work/ssambership-app/ssambership-app/test/ink/ink_coordinate_mapper_test.dart: 같은 정규화 좌표는 다른 뷰포트에서도 이미지의 같은 지점을 가리킨다
✅ /home/runner/work/ssambership-app/ssambership-app/test/ink/ink_coordinate_mapper_test.dart: 이미지 영역 밖 입력은 0..1 범위를 벗어나고 containsNormalized=false
✅ /home/runner/work/ssambership-app/ssambership-app/test/ink/ink_coordinate_mapper_test.dart: 길이 정규화 왕복(펜 굵기 보존)
✅ /home/runner/work/ssambership-app/ssambership-app/test/ink/ink_coordinate_mapper_test.dart: 0 이하 크기는 ArgumentError — 호출부 버그를 조용히 넘기지 않는다
✅ /home/runner/work/ssambership-app/ssambership-app/test/ink/ink_storage_paths_test.dart: 버킷 상수(정책 정합): 필기·주석 버킷 이름
✅ /home/runner/work/ssambership-app/ssambership-app/test/ink/ink_storage_paths_test.dart: 연결노트 필기: 첫 세그먼트=roomId, 작성자별로 원본·썸네일 분리(버킷 상대)
✅ /home/runner/work/ssambership-app/ssambership-app/test/ink/ink_storage_paths_test.dart: 스캔 주석(S15): 원본과 평탄화 출력 경로(버킷 상대)
✅ /home/runner/work/ssambership-app/ssambership-app/test/ink/ink_storage_paths_test.dart: 빈 ID·구분자 포함 ID 는 ArgumentError
✅ /home/runner/work/ssambership-app/ssambership-app/test/ink/ink_storage_paths_test.dart: 입력 모드 code 왕복 + 알 수 없는 값은 펜 전용
✅ /home/runner/work/ssambership-app/ssambership-app/test/ink/ink_storage_paths_test.dart: 화면 라벨은 한글(내부 코드값 노출 금지 원칙)
✅ /home/runner/work/ssambership-app/ssambership-app/test/entitlement/weekly_question_usage_test.dart: standard 한도 9, 사용 3 → can_ask=true, 잔여 라벨 표시
✅ /home/runner/work/ssambership-app/ssambership-app/test/entitlement/weekly_question_usage_test.dart: 한도 소진(can_ask=false) → 차단 문구에 사용/한도 포함
✅ /home/runner/work/ssambership-app/ssambership-app/test/entitlement/weekly_question_usage_test.dart: 프리미엄(limit 999)은 큰 잔여수 대신 "질문 가능"으로 표시
✅ /home/runner/work/ssambership-app/ssambership-app/test/entitlement/weekly_question_usage_test.dart: can_ask 누락 시 used<limit 로 폴백
✅ /home/runner/work/ssambership-app/ssambership-app/test/entitlement/weekly_question_usage_test.dart: 한도 0(비구독)이면 잔여 라벨 없음
✅ /home/runner/work/ssambership-app/ssambership-app/test/entitlement/weekly_question_usage_test.dart: 예상치 못한 형태(List/null)면 null 반환
✅ /home/runner/work/ssambership-app/ssambership-app/test/entitlement/weekly_question_usage_test.dart: planQuotaLabel (마이페이지 구독 카드용, RPC 값만 사용) 일반 플랜은 "주 N개 질문 · 잔여 X/N"
✅ /home/runner/work/ssambership-app/ssambership-app/test/entitlement/weekly_question_usage_test.dart: planQuotaLabel (마이페이지 구독 카드용, RPC 값만 사용) 프리미엄(limit 999)은 "주 무제한 질문"
✅ /home/runner/work/ssambership-app/ssambership-app/test/entitlement/weekly_question_usage_test.dart: planQuotaLabel (마이페이지 구독 카드용, RPC 값만 사용) 한도 0(비구독)이면 null(표시 생략)
✅ /home/runner/work/ssambership-app/ssambership-app/test/deeplink/notification_deep_link_controller_test.dart: 목적지 매핑(notificationDestinationOf 정본만 허용) question_answered + room_id → 질문방 탭
✅ /home/runner/work/ssambership-app/ssambership-app/test/deeplink/notification_deep_link_controller_test.dart: 목적지 매핑(notificationDestinationOf 정본만 허용) thread_id 만 있어도 질문방 탭(정밀 이동은 후속)
✅ /home/runner/work/ssambership-app/ssambership-app/test/deeplink/notification_deep_link_controller_test.dart: 목적지 매핑(notificationDestinationOf 정본만 허용) 개별질문(iq_*) + question_id → 개별질문 탭
✅ /home/runner/work/ssambership-app/ssambership-app/test/deeplink/notification_deep_link_controller_test.dart: 목적지 매핑(notificationDestinationOf 정본만 허용) 구독·멘토 공지류 → 마이페이지(가상 목적지, id 불필요)
✅ /home/runner/work/ssambership-app/ssambership-app/test/deeplink/notification_deep_link_controller_test.dart: 목적지 매핑(notificationDestinationOf 정본만 허용) stay(맞춤의뢰류)·unknown → 절대 이동하지 않는다
✅ /home/runner/work/ssambership-app/ssambership-app/test/deeplink/notification_deep_link_controller_test.dart: 목적지 매핑(notificationDestinationOf 정본만 허용) 아는 타입인데 필요한 id 부재 → 알림 탭 폴백
✅ /home/runner/work/ssambership-app/ssambership-app/test/deeplink/notification_deep_link_controller_test.dart: 중복 제거(eventId LRU) 같은 eventId 재전달(포그라운드+탭+콜드스타트 중복) → 1회만 이동
✅ /home/runner/work/ssambership-app/ssambership-app/test/deeplink/notification_deep_link_controller_test.dart: 중복 제거(eventId LRU) eventId 가 다르면 각각 이동한다
✅ /home/runner/work/ssambership-app/ssambership-app/test/deeplink/notification_deep_link_controller_test.dart: 중복 제거(eventId LRU) 빈 eventId 는 dedup 불가 — 매 수신을 새 이벤트로 처리(안전측)
✅ /home/runner/work/ssambership-app/ssambership-app/test/deeplink/notification_deep_link_controller_test.dart: 로그인 대기(pending) 비로그인 탭 → 보류, 로그인 성공 시 정확히 1회 이동
✅ /home/runner/work/ssambership-app/ssambership-app/test/deeplink/notification_deep_link_controller_test.dart: 로그인 대기(pending) 보류 중 같은 eventId 중복 탭 → pending 1건, 이동도 1회
✅ /home/runner/work/ssambership-app/ssambership-app/test/deeplink/notification_deep_link_controller_test.dart: 로그인 대기(pending) TTL(15분) 초과 후 로그인 → 오래된 이동 폐기
✅ /home/runner/work/ssambership-app/ssambership-app/test/deeplink/notification_deep_link_controller_test.dart: 로그인 대기(pending) TTL 이내 로그인 → 이동한다(경계 확인)
✅ /home/runner/work/ssambership-app/ssambership-app/test/deeplink/notification_deep_link_controller_test.dart: 로그인 대기(pending) 로그아웃 → pending 폐기
✅ /home/runner/work/ssambership-app/ssambership-app/test/deeplink/notification_deep_link_controller_test.dart: 로그인 대기(pending) 계정 전환: 이전 사용자 몫 pending 은 다른 사용자 로그인 시 폐기
✅ /home/runner/work/ssambership-app/ssambership-app/test/deeplink/notification_deep_link_controller_test.dart: 로그인 대기(pending) 같은 사용자가 다시 로그인하면 pending 을 실행한다
✅ /home/runner/work/ssambership-app/ssambership-app/test/deeplink/notification_deep_link_controller_test.dart: 외부 경로 차단 payload 의 link/url 필드는 무시된다 — 탭 이동 외 어떤 실행도 없다
✅ /home/runner/work/ssambership-app/ssambership-app/test/deeplink/deep_link_service_test.dart: 알림 탭(onMessageOpened) → TabNavigator 로 탭 전환 요청
✅ /home/runner/work/ssambership-app/ssambership-app/test/deeplink/deep_link_service_test.dart: 콜드 스타트 최초 메시지도 딥링크로 처리된다(초기화 순서: 딥링크 → 푸시)
✅ /home/runner/work/ssambership-app/ssambership-app/test/deeplink/deep_link_service_test.dart: 포그라운드 수신(onMessage)은 이동을 일으키지 않는다(탭만 딥링크)
✅ /home/runner/work/ssambership-app/ssambership-app/test/deeplink/deep_link_service_test.dart: 비로그인 탭 → 보류, onSignedIn 훅에서 1회 실행
✅ /home/runner/work/ssambership-app/ssambership-app/test/mentors/mentor_subject_test.dart: code → 표시 라벨 한글 (math=수학) · raw 는 원본 보존(화면 비노출)
✅ /home/runner/work/ssambership-app/ssambership-app/test/mentors/mentor_subject_test.dart: 세부 과목 코드 math_calculus → 미적분
✅ /home/runner/work/ssambership-app/ssambership-app/test/mentors/mentor_subject_test.dart: 수학 + math + 수학 → key 기준 1개(순서 보존)
✅ /home/runner/work/ssambership-app/ssambership-app/test/mentors/mentor_subject_test.dart: 미매핑 ASCII 코드 → 표시 기타 · raw 는 화면 라벨로 새지 않음
✅ /home/runner/work/ssambership-app/ssambership-app/test/mentors/mentor_subject_test.dart: 한글 자유 라벨(코딩)은 그대로 표시
✅ /home/runner/work/ssambership-app/ssambership-app/test/mentors/mentor_subject_test.dart: 미지 ASCII 여러 개는 모두 기타 → 칩 1개로 수렴(중복 없음)
✅ /home/runner/work/ssambership-app/ssambership-app/test/mentors/mentor_subject_test.dart: 빈 값·공백은 제외
✅ /home/runner/work/ssambership-app/ssambership-app/test/mentors/mentor_subject_test.dart: 입력 순서 보존(영어→수학)
✅ /home/runner/work/ssambership-app/ssambership-app/test/mentors/mentor_directory_view_test.dart: distinctSubjects — canonical 칩(중복 제거·라벨 정렬) 수학+math 혼재 → 칩 1개, math_calculus 는 별도(미적분)
✅ /home/runner/work/ssambership-app/ssambership-app/test/mentors/mentor_directory_view_test.dart: distinctSubjects — canonical 칩(중복 제거·라벨 정렬) 미지 ASCII 여러 개 → 기타 칩 1개(중복 없음)
✅ /home/runner/work/ssambership-app/ssambership-app/test/mentors/mentor_directory_view_test.dart: distinctSubjects — canonical 칩(중복 제거·라벨 정렬) 칩은 표시 라벨 기준 정렬(코드 문자열순 아님)
✅ /home/runner/work/ssambership-app/ssambership-app/test/mentors/mentor_directory_view_test.dart: 검색 — raw/label 모두 매칭, 대소문자 무시 한글 수학 검색 → raw math 멘토 매칭
✅ /home/runner/work/ssambership-app/ssambership-app/test/mentors/mentor_directory_view_test.dart: 검색 — raw/label 모두 매칭, 대소문자 무시 한글 미적분 검색 → raw math_calculus 멘토 매칭
✅ /home/runner/work/ssambership-app/ssambership-app/test/mentors/mentor_directory_view_test.dart: 검색 — raw/label 모두 매칭, 대소문자 무시 raw 코드(math) 검색도 유지
✅ /home/runner/work/ssambership-app/ssambership-app/test/mentors/mentor_directory_view_test.dart: 검색 — raw/label 모두 매칭, 대소문자 무시 영문 검색은 대소문자 무시(ENGLISH)
✅ /home/runner/work/ssambership-app/ssambership-app/test/mentors/mentor_directory_view_test.dart: 검색 — raw/label 모두 매칭, 대소문자 무시 이름·학교·학과 검색 회귀 없음
✅ /home/runner/work/ssambership-app/ssambership-app/test/mentors/mentor_directory_view_test.dart: 과목 필터 — canonical key, 전체 집합 대상 수학 key 필터는 raw 수학/math 를 모두 포함
✅ /home/runner/work/ssambership-app/ssambership-app/test/mentors/mentor_directory_view_test.dart: 과목 필터 — canonical key, 전체 집합 대상 최신 20명 밖(가장 오래된)에 있는 매칭 멘토도 검색·필터에 포함
✅ /home/runner/work/ssambership-app/ssambership-app/test/mentors/mentor_directory_view_test.dart: scope — 전체/찜한 멘토(웹 ?scope=favorite 패리티) 기본값은 all — 기존 호출 계약 보존(찜 무시)
✅ /home/runner/work/ssambership-app/ssambership-app/test/mentors/mentor_directory_view_test.dart: scope — 전체/찜한 멘토(웹 ?scope=favorite 패리티) favorite scope → 찜 id 교집합만
✅ /home/runner/work/ssambership-app/ssambership-app/test/mentors/mentor_directory_view_test.dart: scope — 전체/찜한 멘토(웹 ?scope=favorite 패리티) favorite ∩ 검색 ∩ 과목 ∩ 정렬 교집합
✅ /home/runner/work/ssambership-app/ssambership-app/test/mentors/mentor_directory_view_test.dart: scope — 전체/찜한 멘토(웹 ?scope=favorite 패리티) favorite scope 정렬 위임 유지(최신순)
✅ /home/runner/work/ssambership-app/ssambership-app/test/mentors/mentor_directory_view_test.dart: scope — 전체/찜한 멘토(웹 ?scope=favorite 패리티) 공개 목록에 없는 찜 id 는 결과에 나타나지 않음(비공개·삭제 자동 제외)
✅ /home/runner/work/ssambership-app/ssambership-app/test/mentors/mentor_directory_view_test.dart: scope — 전체/찜한 멘토(웹 ?scope=favorite 패리티) 찜 0개 → favorite scope 는 빈 결과(전체로 새지 않음)
✅ /home/runner/work/ssambership-app/ssambership-app/test/mentors/mentor_directory_view_test.dart: 정렬 위임 회귀 최신순
✅ /home/runner/work/ssambership-app/ssambership-app/test/mentors/mentor_directory_view_test.dart: 정렬 위임 회귀 별점높은순
✅ /home/runner/work/ssambership-app/ssambership-app/test/mentors/mentor_directory_view_test.dart: 정렬 위임 회귀 리뷰많은순
✅ /home/runner/work/ssambership-app/ssambership-app/test/mentors/mentor_favorite_button_test.dart: 찜=파랑 채움 하트, 미찜=외곽선(muted), 탭 콜백
✅ /home/runner/work/ssambership-app/ssambership-app/test/mentors/mentor_detail_stats_test.dart: 공개 리뷰 있음 → 평점 라벨 + 응답 라벨, 빈 상태 아님
✅ /home/runner/work/ssambership-app/ssambership-app/test/mentors/mentor_detail_stats_test.dart: 리뷰 없음(count 0 / avg null) → 평점 라벨 null
✅ /home/runner/work/ssambership-app/ssambership-app/test/mentors/mentor_detail_stats_test.dart: 응답시간만 있으면 응답 라벨만, 빈 상태 아님
✅ /home/runner/work/ssambership-app/ssambership-app/test/mentors/mentor_detail_stats_test.dart: 평점만 있고 응답시간 없으면 평점 라벨만
✅ /home/runner/work/ssambership-app/ssambership-app/test/mentors/mentor_sort_test.dart: 최신순: createdAt 내림차순
✅ /home/runner/work/ssambership-app/ssambership-app/test/mentors/mentor_sort_test.dart: 별점높은순: avgRating 내림차순, 리뷰 없음은 뒤
✅ /home/runner/work/ssambership-app/ssambership-app/test/mentors/mentor_sort_test.dart: 리뷰많은순: reviewCount 내림차순
✅ /home/runner/work/ssambership-app/ssambership-app/test/mentors/mentor_sort_test.dart: 입력 리스트는 불변(새 리스트 반환)
✅ /home/runner/work/ssambership-app/ssambership-app/test/mentors/mentor_sort_test.dart: 정렬 옵션 3종 — 가격낮은순 제거(Commerce-Zero: 가격 미노출)
✅ /home/runner/work/ssambership-app/ssambership-app/test/mentors/mentor_card_subject_test.dart: raw math → 카드에 수학 표시, math 코드 비노출
✅ /home/runner/work/ssambership-app/ssambership-app/test/mentors/mentor_card_subject_test.dart: raw math_calculus → 카드에 미적분 표시
✅ /home/runner/work/ssambership-app/ssambership-app/test/mentors/mentor_card_subject_test.dart: 미지 ASCII 코드 → 기타 표시, raw code 비노출
✅ /home/runner/work/ssambership-app/ssambership-app/test/mentors/mentor_card_subject_test.dart: 한글 자유 라벨(코딩)은 그대로 표시
✅ /home/runner/work/ssambership-app/ssambership-app/test/mentors/mentor_card_subject_test.dart: 수학+math 혼재 → 수학 칩 1개만
✅ /home/runner/work/ssambership-app/ssambership-app/test/scan_annotation/annotation_flattener_test.dart: flatten: 배경 원본 해상도의 비어있지 않은 PNG 생성
✅ /home/runner/work/ssambership-app/ssambership-app/test/scan_annotation/annotation_flattener_test.dart: flatten: 스트로크 없어도 배경만으로 PNG 생성
✅ /home/runner/work/ssambership-app/ssambership-app/test/mentors/mentors_screen_scope_test.dart: 비로그인 → scope 세그먼트 미노출, 전체 목록은 표시
✅ /home/runner/work/ssambership-app/ssambership-app/test/mentors/mentors_screen_scope_test.dart: 로그인 → 세그먼트 노출 + 찜 카운트 라벨 통합
✅ /home/runner/work/ssambership-app/ssambership-app/test/scan_annotation/annotation_coordinate_test.dart: 한 점: 뷰포트 A 정규화 저장 → 뷰포트 B 복원·재정규화가 같은 지점
✅ /home/runner/work/ssambership-app/ssambership-app/test/scan_annotation/annotation_coordinate_test.dart: 스케치 단위 왕복: A 정규화 → B 복원 → B 재정규화가 원본과 일치
✅ /home/runner/work/ssambership-app/ssambership-app/test/mentors/mentors_screen_scope_test.dart: 찜 scope 선택 → 찜한 멘토만 표시
✅ /home/runner/work/ssambership-app/ssambership-app/test/mentors/mentors_screen_scope_test.dart: 찜 scope + 검색 교집합
✅ /home/runner/work/ssambership-app/ssambership-app/test/mentors/mentors_screen_scope_test.dart: 찜 조회 실패 → 오류+재시도(빈 상태로 위장 금지), 재시도 성공 시 목록
✅ /home/runner/work/ssambership-app/ssambership-app/test/mentors/mentors_screen_scope_test.dart: 찜 0개(성공) → 아직 찜한 멘토가 없어요(오류와 구분)
✅ /home/runner/work/ssambership-app/ssambership-app/test/mentors/mentors_screen_scope_test.dart: 찜 scope 에서 하트 해제 → 카드 즉시 제외 + 카운트 갱신
✅ /home/runner/work/ssambership-app/ssambership-app/test/mentors/mentors_screen_scope_test.dart: 서버 실패 → 하트·카드 원복 + 안내
✅ /home/runner/work/ssambership-app/ssambership-app/test/mentors/mentors_screen_scope_test.dart: 하트 연타 → 서버 반영 1회, 최종 UI=서버 상태
✅ /home/runner/work/ssambership-app/ssambership-app/test/mentors/mentors_screen_scope_test.dart: 상세 복귀 → 찜 카운트/목록 재동기화
✅ /home/runner/work/ssambership-app/ssambership-app/test/mentors/mentors_screen_scope_test.dart: 로그인인데 찜 0 → 찜 scope 진입해도 전체 scope 복귀 없음(빈 상태 유지)
✅ /home/runner/work/ssambership-app/ssambership-app/test/scan_annotation/scan_annotation_screen_test.dart: 스모크: 배경·주석 캔버스·툴바·완료가 렌더된다
✅ /home/runner/work/ssambership-app/ssambership-app/test/scan_annotation/scan_annotation_screen_test.dart: 빈 주석으로 완료 시 전송 없이 닫힌다(결과 null)
✅ /home/runner/work/ssambership-app/ssambership-app/test/scan_annotation/scan_annotation_repository_test.dart: submit: 평탄화 PNG는 기존 첨부 파이프라인으로, 원본은 첨부 id 경로에 upsert
✅ /home/runner/work/ssambership-app/ssambership-app/test/scan_annotation/scan_annotation_repository_test.dart: loadDocument: 경로에서 내려받아 InkDocument 복원
✅ /home/runner/work/ssambership-app/ssambership-app/test/scan_annotation/annotation_target_test.dart: 기본(포트 미주입): 완료가 질문방 레포로 전송된다 — S15 현행 유지
✅ /home/runner/work/ssambership-app/ssambership-app/test/scan_annotation/annotation_target_test.dart: target 주입: 완료가 포트로 라우팅된다(질문방 레포 미호출)
✅ /home/runner/work/ssambership-app/ssambership-app/test/scan_annotation/annotation_flatten_downscale_test.dart: 배경 사전 축소 → 평탄화 출력 해상도가 캡을 따른다(비율 유지)
✅ /home/runner/work/ssambership-app/ssambership-app/test/scan_annotation/annotation_target_test.dart: LocalAnnotationTarget: 전송 없이 결과를 보관하고 pop(true)
✅ /home/runner/work/ssambership-app/ssambership-app/test/scan_annotation/annotation_target_test.dart: initialPenColor: 멘토 첨삭 진입 시 펜이 빨강으로 프리셋된다(§6-2)
✅ /home/runner/work/ssambership-app/ssambership-app/test/scan_annotation/annotation_flatten_downscale_test.dart: submit: 5MB 초과 평탄화 PNG 는 축소 후 업로드 — 확장자·MIME 이 함께 JPEG 로
✅ /home/runner/work/ssambership-app/ssambership-app/test/scan_annotation/annotation_flatten_downscale_test.dart: submit: 한도 이하 평탄화 PNG 는 바이트·이름·MIME 그대로 업로드
✅ /home/runner/work/ssambership-app/ssambership-app/test/community/shortform_detail_test.dart: 영상 재생/폴백 videoUrl 없음 → 팩토리 미호출 + 썸네일 폴백
✅ /home/runner/work/ssambership-app/ssambership-app/test/community/shortform_detail_test.dart: 영상 재생/폴백 http(s) 아닌 videoUrl → 재생 시도 없이 썸네일 폴백
✅ /home/runner/work/ssambership-app/ssambership-app/test/community/shortform_compose_entry_test.dart: 학생 → 숏폼 작성 CTA 미노출(목록·빈 화면 모두)
✅ /home/runner/work/ssambership-app/ssambership-app/test/community/shortform_compose_entry_test.dart: 게스트 → CTA 미노출(열람만)
✅ /home/runner/work/ssambership-app/ssambership-app/test/community/shortform_detail_test.dart: 영상 재생/폴백 유효한 videoUrl → 플레이어 렌더 + 탭으로 재생/일시정지 토글
✅ /home/runner/work/ssambership-app/ssambership-app/test/community/shortform_compose_entry_test.dart: 멘토 → 목록 상단 CTA 노출
✅ /home/runner/work/ssambership-app/ssambership-app/test/community/shortform_compose_entry_test.dart: 멘토 + 빈 피드 → 작성 유도 빈 화면(문구·CTA)
✅ /home/runner/work/ssambership-app/ssambership-app/test/community/shortform_detail_test.dart: 영상 재생/폴백 화면 dispose 시 컨트롤러 dispose 호출(자원 해제)
✅ /home/runner/work/ssambership-app/ssambership-app/test/community/shortform_detail_test.dart: 영상 재생/폴백 초기화 실패 → 크래시 없이 썸네일 폴백
✅ /home/runner/work/ssambership-app/ssambership-app/test/community/shortform_compose_entry_test.dart: CTA 탭 → 작성 화면 push, 세션 없음 → 로그인 유도(크래시 0)
✅ /home/runner/work/ssambership-app/ssambership-app/test/community/shortform_detail_test.dart: 좋아요·스크랩(낙관 토글·실패 롤백·독립성) 좋아요 실패 → 낙관 증가가 롤백된다
✅ /home/runner/work/ssambership-app/ssambership-app/test/community/shortform_compose_entry_test.dart: 작성 draft 완료 복귀 → 피드 서버 재조회 + 임시저장 안내
✅ /home/runner/work/ssambership-app/ssambership-app/test/community/shortform_detail_test.dart: 좋아요·스크랩(낙관 토글·실패 롤백·독립성) 스크랩 실패 → 낙관 상태가 롤백된다
✅ /home/runner/work/ssambership-app/ssambership-app/test/community/shortform_compose_entry_test.dart: 작성 published 완료 복귀 → 재조회로 새 카드 표시(로컬 가짜 카드 아님)
✅ /home/runner/work/ssambership-app/ssambership-app/test/community/shortform_detail_test.dart: 좋아요·스크랩(낙관 토글·실패 롤백·독립성) 스크랩 성공은 좋아요 실패와 독립(각자 자기 상태만)
✅ /home/runner/work/ssambership-app/ssambership-app/test/community/shortform_detail_test.dart: 본문(body 우선) 텍스트가 상세에 렌더된다
✅ /home/runner/work/ssambership-app/ssambership-app/test/community/shortform_detail_test.dart: 숏폼 댓글 경로(정본 전환 무관 — legacy 유지) 댓글 신고 대상은 community_comment 그대로
✅ /home/runner/work/ssambership-app/ssambership-app/test/community/shortform_detail_test.dart: 숏폼 댓글 경로(정본 전환 무관 — legacy 유지) 댓글 등록은 shortform 타입으로 호출된다(게시판과 분리)
✅ /home/runner/work/ssambership-app/ssambership-app/test/community/board_detail_test.dart: 상세에 본문·댓글·좋아요·신고 요소가 있다
✅ /home/runner/work/ssambership-app/ssambership-app/test/community/board_detail_test.dart: 좋아요 탭 → write.toggle 호출 + 카운트 증가
✅ /home/runner/work/ssambership-app/ssambership-app/test/community/board_detail_test.dart: 신고 → 시트에 외부 연락처 유도 동선 + 접수 시 write.report 호출
✅ /home/runner/work/ssambership-app/ssambership-app/test/community/board_write_screen_test.dart: 필수값 검증: 제목·내용 비면 제출 차단 + 안내
✅ /home/runner/work/ssambership-app/ssambership-app/test/community/board_detail_test.dart: 댓글 신고 → 대상 테이블은 정본 comments(target_type=comment)
✅ /home/runner/work/ssambership-app/ssambership-app/test/community/board_detail_test.dart: 댓글 등록은 게시판 타입·평면(parentId 없음)으로 호출된다
✅ /home/runner/work/ssambership-app/ssambership-app/test/community/board_detail_test.dart: 댓글 헤더 수는 표시 중인 댓글 리스트 길이와 일치한다
✅ /home/runner/work/ssambership-app/ssambership-app/test/community/board_write_screen_test.dart: 제출 성공: 정책 동의 게이트 통과 → createPost 호출 + pop(true)
✅ /home/runner/work/ssambership-app/ssambership-app/test/community/comments_contract_test.dart: 게시판 댓글 읽기(정본 comments) comments 테이블에서 post_id 필터만으로 조회(is_deleted 는 서버 RLS)
✅ /home/runner/work/ssambership-app/ssambership-app/test/community/comments_contract_test.dart: 게시판 댓글 읽기(정본 comments) parent_id 가 모델 parentId 로 실린다(2-depth 답글 표시 대비)
✅ /home/runner/work/ssambership-app/ssambership-app/test/community/comments_contract_test.dart: 게시판 댓글 읽기(정본 comments) 페이징 인자(limit/offset)가 게이트웨이로 전달된다
✅ /home/runner/work/ssambership-app/ssambership-app/test/community/comments_contract_test.dart: 숏폼 댓글 읽기(기존 경로 유지) community_comments + post_type/status 필터 그대로(정본 미전환)
✅ /home/runner/work/ssambership-app/ssambership-app/test/community/comments_contract_test.dart: 게시판 댓글 쓰기(정본 comments) 페이로드는 정확히 {post_id, author_id, content} — 보호 필드 미전송
✅ /home/runner/work/ssambership-app/ssambership-app/test/community/comments_contract_test.dart: 게시판 댓글 쓰기(정본 comments) parentId 지정 시에만 parent_id 가 추가된다(답글)
✅ /home/runner/work/ssambership-app/ssambership-app/test/community/comments_contract_test.dart: 게시판 댓글 쓰기(정본 comments) 비로그인 → AppError(로그인 안내), INSERT 미시도
✅ /home/runner/work/ssambership-app/ssambership-app/test/community/comments_contract_test.dart: 숏폼 댓글 쓰기(기존 경로 유지) community_comments + {post_type, post_id, author_id, body, status}
✅ /home/runner/work/ssambership-app/ssambership-app/test/community/comments_contract_test.dart: 서버 트리거 오류 → 사용자용 한글 문구(코드 비노출) 알려진 코드 3종이 모두 한글 문구로 매핑된다
✅ /home/runner/work/ssambership-app/ssambership-app/test/community/comments_contract_test.dart: 서버 트리거 오류 → 사용자용 한글 문구(코드 비노출) 모르는 오류는 null → 호출부의 일반 문구로 폴백
✅ /home/runner/work/ssambership-app/ssambership-app/test/community/comments_contract_test.dart: 서버 트리거 오류 → 사용자용 한글 문구(코드 비노출) INSERT 가 깊이 초과로 거부되면 AppError 로 변환되어 던져진다
✅ /home/runner/work/ssambership-app/ssambership-app/test/community/blocked_users_screen_test.dart: 차단 목록 렌더 + 해제 시 목록에서 사라짐
✅ /home/runner/work/ssambership-app/ssambership-app/test/community/blocked_users_screen_test.dart: 차단 없음 → EmptyState
✅ /home/runner/work/ssambership-app/ssambership-app/test/community/content_policy_gate_test.dart: 최초 게시: 규정 다이얼로그 노출 → 동의 시 true + 세션 저장
✅ /home/runner/work/ssambership-app/ssambership-app/test/community/content_policy_gate_test.dart: 동의 후 재게시: 다이얼로그 없이 즉시 true
✅ /home/runner/work/ssambership-app/ssambership-app/test/community/content_policy_gate_test.dart: 취소: false 반환 + 미동의 유지
✅ /home/runner/work/ssambership-app/ssambership-app/test/community/content_policy_gate_test.dart: 댓글 ⋯ 메뉴: onReport 지정 시 "신고" 노출
✅ /home/runner/work/ssambership-app/ssambership-app/test/community/community_tabs_test.dart: 상단 탭(숏폼/게시판/내 활동)이 존재하고, 숏폼 카드가 렌더된다
✅ /home/runner/work/ssambership-app/ssambership-app/test/community/community_paginator_test.dart: 페이징 정합(차단 행 혼재) DB 3페이지(limit 20)에 차단 행이 섞여도 누락·중복 없이 모두 수집된다
✅ /home/runner/work/ssambership-app/ssambership-app/test/community/community_paginator_test.dart: 페이징 정합(차단 행 혼재) 필터로 페이지 항목이 줄어도(items.length < limit) hasMore 는 rawCount 기준
✅ /home/runner/work/ssambership-app/ssambership-app/test/community/community_paginator_test.dart: 세대 토큰(스테일 응답 폐기) refresh 중 다시 refresh(카테고리 전환) → 먼저 요청한 응답은 무시된다
✅ /home/runner/work/ssambership-app/ssambership-app/test/community/community_paginator_test.dart: 세대 토큰(스테일 응답 폐기) loadMore 진행 중 refresh → 늦게 온 loadMore 응답은 폐기된다
✅ /home/runner/work/ssambership-app/ssambership-app/test/community/community_paginator_test.dart: loadMore 실패는 조용히 — 기존 목록 유지, loadingMore 해제
✅ /home/runner/work/ssambership-app/ssambership-app/test/community/community_tabs_test.dart: 게시판 탭 → 카테고리칩 + 글 카드(제목·댓글수)
✅ /home/runner/work/ssambership-app/ssambership-app/test/community/community_tabs_test.dart: 작성 FAB: 게시판 탭에서만 노출(숏폼·내활동 없음)
✅ /home/runner/work/ssambership-app/ssambership-app/test/community/community_labels_test.dart: 실제 DB 값 → 한글 라벨(웹 정본)
✅ /home/runner/work/ssambership-app/ssambership-app/test/community/community_labels_test.dart: 빈/미정 코드는 "기타"로 폴백(코드 노출 없음)
✅ /home/runner/work/ssambership-app/ssambership-app/test/community/community_labels_test.dart: 필터 옵션은 5개 실제 카테고리(웹 정본 순서·라벨)
✅ /home/runner/work/ssambership-app/ssambership-app/test/community/community_models_test.dart: communityAuthorName 폴백 author_label 우선
✅ /home/runner/work/ssambership-app/ssambership-app/test/community/community_models_test.dart: communityAuthorName 폴백 label 비면 역할 라벨(mentor→멘토, student→학생)
✅ /home/runner/work/ssambership-app/ssambership-app/test/community/community_models_test.dart: communityAuthorName 폴백 둘 다 없으면 "쌤버십 회원"
✅ /home/runner/work/ssambership-app/ssambership-app/test/community/community_models_test.dart: BoardPost.fromMap: content 우선 본문, 카운트 파싱, 제목 폴백
✅ /home/runner/work/ssambership-app/ssambership-app/test/community/community_models_test.dart: ShortformPost.fromMap: 썸네일/조회수/좋아요 파싱
✅ /home/runner/work/ssambership-app/ssambership-app/test/community/community_models_test.dart: ShortformPost.fromMap 본문 우선순위(서버 계약: body 우선·content 폴백) body 가 있으면 body(다른 컬럼 무시)
✅ /home/runner/work/ssambership-app/ssambership-app/test/community/community_models_test.dart: ShortformPost.fromMap 본문 우선순위(서버 계약: body 우선·content 폴백) body 가 비면 legacy content 폴백
✅ /home/runner/work/ssambership-app/ssambership-app/test/community/community_models_test.dart: ShortformPost.fromMap 본문 우선순위(서버 계약: body 우선·content 폴백) body/content 모두 없으면 구 description 컬럼(최종 폴백)
✅ /home/runner/work/ssambership-app/ssambership-app/test/community/community_models_test.dart: ShortformPost.fromMap 본문 우선순위(서버 계약: body 우선·content 폴백) 셋 다 없으면 null
✅ /home/runner/work/ssambership-app/ssambership-app/test/community/community_models_test.dart: CommunityComment.fromMap 본문(정본 content 우선·legacy body 폴백) content 가 있으면 content(정본 comments 행)
✅ /home/runner/work/ssambership-app/ssambership-app/test/community/community_models_test.dart: CommunityComment.fromMap 본문(정본 content 우선·legacy body 폴백) content 가 비면 legacy body 폴백(community_comments 행)
✅ /home/runner/work/ssambership-app/ssambership-app/test/community/community_models_test.dart: CommunityComment.fromMap 본문(정본 content 우선·legacy body 폴백) 둘 다 없으면 빈 문자열(크래시 없음)
✅ /home/runner/work/ssambership-app/ssambership-app/test/community/community_models_test.dart: CommunityComment.fromMap 본문(정본 content 우선·legacy body 폴백) parent_id → parentId(2-depth 답글 대비), 없으면 null
✅ /home/runner/work/ssambership-app/ssambership-app/test/community/community_models_test.dart: CommunityPostType.code
✅ /home/runner/work/ssambership-app/ssambership-app/test/community/community_models_test.dart: CommunityPostType.commentsTable — 게시판=정본 comments, 숏폼=legacy 유지
✅ /home/runner/work/ssambership-app/ssambership-app/test/individual_question/iq_screens_test.dart: StudentIqListScreen 빈 목록 → 빈 상태 안내
✅ /home/runner/work/ssambership-app/ssambership-app/test/individual_question/iq_screens_test.dart: StudentIqListScreen 목록: 제목·상태 라벨 표시, 금액 비노출(컴플라이언스)
✅ /home/runner/work/ssambership-app/ssambership-app/test/individual_question/iq_screens_test.dart: MentorIqListScreen 수락 대기(공개형) + 내 질문 섹션
✅ /home/runner/work/ssambership-app/ssambership-app/test/individual_question/iq_screens_test.dart: MentorIqListScreen 둘 다 비면 빈 상태
✅ /home/runner/work/ssambership-app/ssambership-app/test/individual_question/iq_screens_test.dart: IQ 유형 필터 (칩 4개·전환) 학생 목록: 칩 4개 + 지정/공개·대기 전환
✅ /home/runner/work/ssambership-app/ssambership-app/test/individual_question/iq_screens_test.dart: IQ 유형 필터 (칩 4개·전환) 멘토 목록: 필터로 섹션·행 전환
✅ /home/runner/work/ssambership-app/ssambership-app/test/individual_question/iq_screens_test.dart: IqDetailScreen 학생·답변 도착(answered) → 해결 완료 버튼, 취소 버튼 없음
✅ /home/runner/work/ssambership-app/ssambership-app/test/individual_question/iq_screens_test.dart: IqDetailScreen 학생·답변 대기 → 취소 버튼, 해결 완료 없음
✅ /home/runner/work/ssambership-app/ssambership-app/test/individual_question/iq_screens_test.dart: IqDetailScreen 멘토·답변중 → 답변 작성 폼
✅ /home/runner/work/ssambership-app/ssambership-app/test/individual_question/iq_screens_test.dart: IqDetailScreen 멘토·정산 완료 → 안내만
✅ /home/runner/work/ssambership-app/ssambership-app/test/individual_question/iq_annotate_flow_test.dart: 학생 · 작성 화면 필기하기(전송 전 로컬 첨삭) 필기 완료 → 평탄화본이 슬롯을 대체하고, 제출 시 대체본이 업로드된다
✅ /home/runner/work/ssambership-app/ssambership-app/test/individual_question/iq_annotate_flow_test.dart: 학생 · 작성 화면 필기하기(전송 전 로컬 첨삭) 재편집: 두 번째 필기하기는 원본 배경 + 직전 스트로크로 진입한다(이어 그리기)
✅ /home/runner/work/ssambership-app/ssambership-app/test/individual_question/iq_annotate_flow_test.dart: 멘토 · 상세 화면 첨삭하기 멘토에게만 첨삭하기가 보인다(학생은 비노출)
✅ /home/runner/work/ssambership-app/ssambership-app/test/individual_question/iq_annotate_flow_test.dart: 멘토 · 상세 화면 첨삭하기 기존 ink.json 없음 → 바로 새로 시작으로 진입, 완료 시 새로고침
✅ /home/runner/work/ssambership-app/ssambership-app/test/individual_question/iq_attachments_test.dart: buildStoragePath (경로 규약 — 순수 함수) 첫 세그먼트 = 질문 uuid + ts-salt 파일명 + 확장자 정규화
✅ /home/runner/work/ssambership-app/ssambership-app/test/individual_question/iq_attachments_test.dart: buildStoragePath (경로 규약 — 순수 함수) 확장자 없는 파일명은 bin 으로
✅ /home/runner/work/ssambership-app/ssambership-app/test/individual_question/iq_annotate_flow_test.dart: 멘토 · 상세 화면 첨삭하기 기존 ink.json 있음 → 불러오기/새로 시작 선택 다이얼로그 분기
✅ /home/runner/work/ssambership-app/ssambership-app/test/individual_question/iq_refund_contract_test.dart: 취소 버튼 노출 상태 매트릭스(9종 + unknown) — 서버 wrapper 허용 상태와 1:1 iqCanStudentRefund 게이트가 서버 허용 집합과 정확히 일치
✅ /home/runner/work/ssambership-app/ssambership-app/test/individual_question/iq_attachments_test.dart: 작성 화면 첨부 흐름 추가(1/5 썸네일) → 삭제(0/5)
✅ /home/runner/work/ssambership-app/ssambership-app/test/individual_question/iq_refund_contract_test.dart: 취소 버튼 노출 상태 매트릭스(9종 + unknown) — 서버 wrapper 허용 상태와 1:1 escrowed 상세: 취소 버튼 노출 / answered 상세: 미노출
✅ /home/runner/work/ssambership-app/ssambership-app/test/individual_question/iq_refund_contract_test.dart: 환불 오류 UX 매핑 REFUND_NOT_ALLOWED / NOT_QUESTION_OWNER / 환불실패 / already_refunded
✅ /home/runner/work/ssambership-app/ssambership-app/test/individual_question/iq_attachments_test.dart: 작성 화면 첨부 흐름 최대 5장 — 5장이면 추가 버튼 비활성(§6-1)
✅ /home/runner/work/ssambership-app/ssambership-app/test/individual_question/iq_refund_contract_test.dart: 환불 실행 흐름(fake 레포 — 로컬 선반영·지갑 선반영 없음) 정상 성공(ok=true) → 성공 안내 + RPC 1회
✅ /home/runner/work/ssambership-app/ssambership-app/test/individual_question/iq_refund_contract_test.dart: 환불 실행 흐름(fake 레포 — 로컬 선반영·지갑 선반영 없음) already_refunded → 멱등 성공(이미 환불 안내, 실패 아님)
✅ /home/runner/work/ssambership-app/ssambership-app/test/individual_question/iq_refund_contract_test.dart: 환불 실행 흐름(fake 레포 — 로컬 선반영·지갑 선반영 없음) ok=false(기타 코드) → 실패 안내, 성공 토스트 없음
✅ /home/runner/work/ssambership-app/ssambership-app/test/individual_question/iq_attachments_test.dart: 작성 화면 첨부 흐름 제출: 질문 생성 후 첨부가 질문 id 로 업로드되고 화면 종료
✅ /home/runner/work/ssambership-app/ssambership-app/test/individual_question/iq_refund_contract_test.dart: 환불 실행 흐름(fake 레포 — 로컬 선반영·지갑 선반영 없음) answered 거부(REFUND_NOT_ALLOWED 예외) → 매핑 문구, 성공 없음
✅ /home/runner/work/ssambership-app/ssambership-app/test/individual_question/iq_refund_contract_test.dart: 환불 실행 흐름(fake 레포 — 로컬 선반영·지갑 선반영 없음) 비소유자 거부(NOT_QUESTION_OWNER) → 권한 안내
✅ /home/runner/work/ssambership-app/ssambership-app/test/individual_question/iq_refund_contract_test.dart: 환불 실행 흐름(fake 레포 — 로컬 선반영·지갑 선반영 없음) 실패 시 질문 UI 원복 — 상태 라벨·취소 버튼 그대로(선반영 없음)
✅ /home/runner/work/ssambership-app/ssambership-app/test/individual_question/iq_attachments_test.dart: 작성 화면 첨부 흐름 부분 실패: 질문은 유지 + 실패분만 재시도 → 성공 시 종료
✅ /home/runner/work/ssambership-app/ssambership-app/test/individual_question/iq_attachment_url_resolver_test.dart: 만료 전엔 캐시 재사용, 안전 여유(60초) 이후엔 재발급
✅ /home/runner/work/ssambership-app/ssambership-app/test/individual_question/iq_attachment_url_resolver_test.dart: 경로가 다르면 각각 발급(캐시 키 분리)
✅ /home/runner/work/ssambership-app/ssambership-app/test/individual_question/iq_attachment_url_resolver_test.dart: 사용자가 바뀌면 이전 사용자 캐시를 재사용하지 않는다(키에 uid 포함)
✅ /home/runner/work/ssambership-app/ssambership-app/test/individual_question/iq_attachment_url_resolver_test.dart: 발급 실패는 캐시를 오염시키지 않는다 — 다음 호출이 재시도해 성공
✅ /home/runner/work/ssambership-app/ssambership-app/test/individual_question/iq_models_test.dart: 상태 파싱(웹 070 CHECK 값 미러) 전체 상태값 왕복
✅ /home/runner/work/ssambership-app/ssambership-app/test/individual_question/iq_models_test.dart: 상태 파싱(웹 070 CHECK 값 미러) 상태 한글 라벨(answered/released 는 앱 전용 새 용어)
✅ /home/runner/work/ssambership-app/ssambership-app/test/individual_question/iq_models_test.dart: 상태 파싱(웹 070 CHECK 값 미러) 유형 라벨: open=공개형, direct=지정형
✅ /home/runner/work/ssambership-app/ssambership-app/test/individual_question/iq_models_test.dart: 액션 규칙(웹 actions 가드 미러) 학생 해결 완료(release)는 answered 에서만
✅ /home/runner/work/ssambership-app/ssambership-app/test/individual_question/iq_models_test.dart: 액션 규칙(웹 actions 가드 미러) 학생 취소(환불)는 답변 대기 상태에서만 — answered 이후 불가
✅ /home/runner/work/ssambership-app/ssambership-app/test/individual_question/iq_models_test.dart: 액션 규칙(웹 actions 가드 미러) 멘토 답변은 claimed/assigned 에서만(RPC 가드 동일)
✅ /home/runner/work/ssambership-app/ssambership-app/test/individual_question/iq_models_test.dart: 표시 포맷 캐시 표기: cents ÷100 + 천 단위 콤마(웹 미러)
✅ /home/runner/work/ssambership-app/ssambership-app/test/individual_question/iq_models_test.dart: 표시 포맷 마감 남은시간: 대기 상태에서만, 웹 문구 미러
✅ /home/runner/work/ssambership-app/ssambership-app/test/individual_question/iq_models_test.dart: 실패 메시지 매핑(코드 비노출) 주요 코드 → 한글 안내
✅ /home/runner/work/ssambership-app/ssambership-app/test/individual_question/iq_models_test.dart: fromMap 파싱 IndividualQuestion: 필드 + 담당 멘토(claimed 우선)
✅ /home/runner/work/ssambership-app/ssambership-app/test/individual_question/iq_models_test.dart: fromMap 파싱 IqEscrowResult: 070 결과 타입
✅ /home/runner/work/ssambership-app/ssambership-app/test/individual_question/iq_models_test.dart: fromMap 파싱 OpenIndividualQuestion: 위생 필드만
✅ /home/runner/work/ssambership-app/ssambership-app/test/individual_question/iq_annotation_test.dart: InkStoragePaths.iqAnnotationDocument (경로 규약) 첫 세그먼트=질문 uuid + annotations/ 프리픽스 — 기존 버킷 정책 그대로 통과
✅ /home/runner/work/ssambership-app/ssambership-app/test/individual_question/iq_annotation_test.dart: InkStoragePaths.iqAnnotationDocument (경로 규약) 구분자 포함 세그먼트는 거부(호출부 버그 방어)
✅ /home/runner/work/ssambership-app/ssambership-app/test/individual_question/iq_annotation_test.dart: IqAnnotationRepository 완료: 평탄화본이 새 첨부로 등록되고(원본 비접촉) ink.json 이 원본첨부 id 경로에 저장
✅ /home/runner/work/ssambership-app/ssambership-app/test/individual_question/iq_annotation_test.dart: IqAnnotationRepository 재첨삭: 같은 원본에 다시 완료하면 첨부가 하나 더 생긴다(덮어쓰기 금지)
✅ /home/runner/work/ssambership-app/ssambership-app/test/individual_question/iq_annotation_test.dart: IqAnnotationRepository loadAnnotation: 없으면 null(새로 시작), 있으면 문서 복원(이어 그리기)
✅ /home/runner/work/ssambership-app/ssambership-app/test/individual_question/iq_annotation_test.dart: IqAnnotationRepository loadAnnotation: 깨진 파일은 null — 새로 시작으로 안전 폴백
✅ /home/runner/work/ssambership-app/ssambership-app/test/individual_question/iq_annotation_test.dart: IqAnnotationTarget: 화면 완료 결과를 S18 파이프라인으로 위임한다
✅ /home/runner/work/ssambership-app/ssambership-app/test/individual_question/iq_create_flag_test.dart: 빈 목록: EmptyState 의 "새 개별질문" 액션이 플래그를 따른다
✅ /home/runner/work/ssambership-app/ssambership-app/test/individual_question/iq_create_flag_test.dart: 목록 있음: "새 개별질문 (공개형)" 버튼이 플래그를 따른다 — 목록·상세는 항상 유지
✅ /home/runner/work/ssambership-app/ssambership-app/test/individual_question/iq_detail_url_cache_test.dart: 첨부 서명 URL 은 리빌드에도 1회만 발급된다(Future 상태 메모)
✅ /home/runner/work/ssambership-app/ssambership-app/test/mypage/cash_format_test.dart: won: cents → "N원" (천단위 콤마)
✅ /home/runner/work/ssambership-app/ssambership-app/test/mypage/cash_format_test.dart: signedWon: 부호 표기
✅ /home/runner/work/ssambership-app/ssambership-app/test/mypage/mypage_models_test.dart: SubscriptionCardInfo statusLabel: active→"구독 중", 아니면 "구독 만료"
✅ /home/runner/work/ssambership-app/ssambership-app/test/mypage/mypage_models_test.dart: SubscriptionCardInfo planLabel: 확정 라벨(2026-07) — tier 코드를 한글 라벨로 매핑
✅ /home/runner/work/ssambership-app/ssambership-app/test/mypage/mypage_models_test.dart: SubscriptionCardInfo planLabel: 미지의 tier 코드 → null (영문 코드 날조·노출 없음)
✅ /home/runner/work/ssambership-app/ssambership-app/test/mypage/mypage_models_test.dart: CashEntry kindLabel: 증가→충전, 감소→사용 (영문 reason 코드 비노출)
✅ /home/runner/work/ssambership-app/ssambership-app/test/mypage/mypage_models_test.dart: CashSummary balanceCents null → hasBalance=false (잔액 미확인 비움)
✅ /home/runner/work/ssambership-app/ssambership-app/test/mypage/account_deletion_test.dart: SupabaseAccountDeletionRepository (RPC 계약) 요청: self RPC + p_dry_run=false 명시 + p_user_id 미전송(서버 auth.uid 정본)
✅ /home/runner/work/ssambership-app/ssambership-app/test/mypage/account_deletion_test.dart: SupabaseAccountDeletionRepository (RPC 계약) 취소/상태도 self RPC — 인자에 사용자 ID 없음
✅ /home/runner/work/ssambership-app/ssambership-app/test/mypage/account_deletion_test.dart: SupabaseAccountDeletionRepository (RPC 계약) 기존 job 멱등 응답(existing=true) 파싱 — 이중 탭/재요청 안전
✅ /home/runner/work/ssambership-app/ssambership-app/test/mypage/account_deletion_test.dart: SupabaseAccountDeletionRepository (RPC 계약) 취소 결과 코드 파싱: ok / NOT_CANCELABLE / CANCEL_WINDOW_PASSED / NOT_FOUND
✅ /home/runner/work/ssambership-app/ssambership-app/test/mypage/account_deletion_test.dart: SupabaseAccountDeletionRepository (RPC 계약) 42501(permission denied) → AccountDeletionUnavailable(웹 폴백 분기)
✅ /home/runner/work/ssambership-app/ssambership-app/test/mypage/account_deletion_test.dart: SupabaseAccountDeletionRepository (RPC 계약) 예상 밖 반환형 → 성공 위장 없이 AppError
✅ /home/runner/work/ssambership-app/ssambership-app/test/mypage/account_deletion_test.dart: AccountDeleteScreen (요청 흐름) 확인 체크 전에는 요청 버튼 비활성
✅ /home/runner/work/ssambership-app/ssambership-app/test/mypage/account_deletion_test.dart: AccountDeleteScreen (요청 흐름) 요청 성공(pending) → 안내 → signOut(토큰 revoke 는 signOut 내부 보장)
✅ /home/runner/work/ssambership-app/ssambership-app/test/mypage/support_section_review_gate_test.dart: 기본(학생·게스트·관리자): 리뷰 행 미노출 — 리뷰 작성도 받은 리뷰도 없음
✅ /home/runner/work/ssambership-app/ssambership-app/test/mypage/support_section_review_gate_test.dart: 멘토: 받은 리뷰 행 노출(라벨은 받은 리뷰 — 리뷰 작성 아님)
✅ /home/runner/work/ssambership-app/ssambership-app/test/mypage/support_section_review_gate_test.dart: 목적지 계약: 웹 멘토 받은 리뷰 경로(/mentor/reviews) 고정
✅ /home/runner/work/ssambership-app/ssambership-app/test/mypage/account_deletion_test.dart: AccountDeleteScreen (요청 흐름) 기존 job(existing, locked) → 진행 중 안내 + signOut, 취소 UI 없음
✅ /home/runner/work/ssambership-app/ssambership-app/test/mypage/support_section_review_gate_test.dart: 역할 배선: 학생 마이페이지엔 리뷰 행 없음
✅ /home/runner/work/ssambership-app/ssambership-app/test/mypage/account_deletion_test.dart: AccountDeleteScreen (요청 흐름) 요청 실패 → 성공 화면·signOut 없음 + 재시도 가능
✅ /home/runner/work/ssambership-app/ssambership-app/test/mypage/support_section_review_gate_test.dart: 역할 배선: 멘토 마이페이지엔 받은 리뷰 노출
✅ /home/runner/work/ssambership-app/ssambership-app/test/mypage/account_deletion_test.dart: AccountDeleteScreen (요청 흐름) 42501 → 웹 진행 폴백 노출, 성공 위장 없음
✅ /home/runner/work/ssambership-app/ssambership-app/test/mypage/account_deletion_test.dart: AccountDeleteScreen (취소 흐름 — deletionPending 재로그인 사용자) pending: 취소 버튼 노출 → 성공 시 재로그인 안내 + signOut
✅ /home/runner/work/ssambership-app/ssambership-app/test/mypage/account_deletion_test.dart: AccountDeleteScreen (취소 흐름 — deletionPending 재로그인 사용자) 취소창 경과(CANCEL_WINDOW_PASSED) → 취소 버튼 제거 + 안내
✅ /home/runner/work/ssambership-app/ssambership-app/test/mypage/account_deletion_test.dart: AccountDeleteScreen (취소 흐름 — deletionPending 재로그인 사용자) locked/purging(NOT_CANCELABLE) → 취소 버튼 제거 + 안내
✅ /home/runner/work/ssambership-app/ssambership-app/test/mypage/account_deletion_test.dart: AccountDeleteScreen (취소 흐름 — deletionPending 재로그인 사용자) 취소 실패(일시 오류) → 상태 유지·signOut 없음
✅ /home/runner/work/ssambership-app/ssambership-app/test/mypage/account_deletion_test.dart: AccountDeleteScreen (취소 흐름 — deletionPending 재로그인 사용자) status_self can_cancel=false(창 경과/locked) → 진입 시부터 취소 버튼 없음
✅ /home/runner/work/ssambership-app/ssambership-app/test/mypage/notification_settings_repository_test.dart: load() 행 없음 → 기본값(마스터 ON·그룹 키 없음=전부 ON)
✅ /home/runner/work/ssambership-app/ssambership-app/test/mypage/notification_settings_repository_test.dart: load() 저장된 행을 그대로 파싱(push_enabled=false·qna만 off)
✅ /home/runner/work/ssambership-app/ssambership-app/test/mypage/notification_settings_repository_test.dart: load() 알 수 없는 그룹 키·비 bool 값은 버린다(정본 5키만)
✅ /home/runner/work/ssambership-app/ssambership-app/test/mypage/notification_settings_repository_test.dart: load() 조회 오류는 기본값으로 위장하지 않고 AppError 로 전파된다
✅ /home/runner/work/ssambership-app/ssambership-app/test/mypage/notification_settings_repository_test.dart: load() 비로그인(uid 없음)이면 AppError — 기본값 반환 금지
✅ /home/runner/work/ssambership-app/ssambership-app/test/mypage/notification_settings_repository_test.dart: save() 성공 시 본인 uid 로 push_enabled·groups 를 upsert 한다
✅ /home/runner/work/ssambership-app/ssambership-app/test/mypage/notification_settings_repository_test.dart: save() 정본 5키가 아닌 그룹 키는 저장에서 제외된다
✅ /home/runner/work/ssambership-app/ssambership-app/test/mypage/notification_settings_repository_test.dart: save() upsert 실패는 성공으로 위장하지 않고 AppError 로 전파된다
✅ /home/runner/work/ssambership-app/ssambership-app/test/mypage/notification_settings_repository_test.dart: save() 비로그인 상태의 save 는 AppError
✅ /home/runner/work/ssambership-app/ssambership-app/test/mypage/notification_settings_repository_test.dart: NotificationGroups 정본 5키와 한글 라벨이 모두 존재한다
✅ /home/runner/work/ssambership-app/ssambership-app/test/mypage/mypage_student_test.dart: 프로필·구독현황·캐시·설정 섹션이 렌더된다
✅ /home/runner/work/ssambership-app/ssambership-app/test/mypage/mypage_student_test.dart: 구독 카드가 멘토별로 렌더(상태칩·갱신일), 잔여수 미확정은 숫자 날조 없이 상태 표기
✅ /home/runner/work/ssambership-app/ssambership-app/test/mypage/mypage_mentor_test.dart: role=mentor → 답변·정산 요약(조회) 렌더, 학생 섹션은 비표시
✅ /home/runner/work/ssambership-app/ssambership-app/test/mypage/mypage_student_test.dart: 캐시 잔액 조회 표기 + 충전 유도 없음(안내 카드) + 구독 관리는 플래그 연동
✅ /home/runner/work/ssambership-app/ssambership-app/test/mypage/mypage_mentor_test.dart: 정산 데이터 없으면 숫자 날조 없이 "-" 표기
✅ /home/runner/work/ssambership-app/ssambership-app/test/mypage/subs_manage_link_flag_test.dart: 구독 관리 링크는 플래그를 따르고, off 면 안내 카드로 대체된다
✅ /home/runner/work/ssambership-app/ssambership-app/test/mypage/profile_grade_field_test.dart: 라벨=학년 (선택) · 초깃값=grade · 저장 payload=grade_level 값
✅ /home/runner/work/ssambership-app/ssambership-app/test/mypage/settings_section_test.dart: 로그아웃 버튼이 존재하고 탭하면 onLogout 콜백이 호출된다
✅ /home/runner/work/ssambership-app/ssambership-app/test/mypage/settings_section_test.dart: showLogout=false(게스트)면 로그아웃 버튼 비표시
✅ /home/runner/work/ssambership-app/ssambership-app/test/mypage/settings_section_test.dart: 약관·개인정보·앱 버전 행이 렌더된다
✅ /home/runner/work/ssambership-app/ssambership-app/test/mypage/settings_section_test.dart: 로드된 값으로 마스터+그룹 5개 토글이 렌더된다(qna만 off)
✅ /home/runner/work/ssambership-app/ssambership-app/test/mypage/settings_section_test.dart: 마스터가 꺼져 있으면 그룹 토글은 잠긴다(서버가 전부 차단)
✅ /home/runner/work/ssambership-app/ssambership-app/test/mypage/mypage_navigation_test.dart: 학생: 마이페이지 → 알림 → 마이페이지 닫힘 + 알림 탭 화면 등장
✅ /home/runner/work/ssambership-app/ssambership-app/test/mypage/settings_section_test.dart: 토글 저장 성공 시 값이 유지되고 저장소로 전달된다
✅ /home/runner/work/ssambership-app/ssambership-app/test/mypage/settings_section_test.dart: 저장 실패 시 토글이 원복되고 스낵바가 뜬다(재시도 가능)
✅ /home/runner/work/ssambership-app/ssambership-app/test/mypage/settings_section_test.dart: 로드 실패 시 기본값 대신 재시도 안내를 보여주고, 재시도로 복구된다
✅ /home/runner/work/ssambership-app/ssambership-app/test/mypage/settings_section_test.dart: OS 권한 거부면 서버 설정 ON 이어도 별도 안내가 뜬다(자동 요청 없음)
✅ /home/runner/work/ssambership-app/ssambership-app/test/mypage/mypage_navigation_test.dart: 멘토: 마이페이지 → 알림 실제 이동(역할 무관 동일 동작)
✅ /home/runner/work/ssambership-app/ssambership-app/test/mypage/settings_section_test.dart: OS 권한이 허용/미결정이면 권한 안내가 없다(서버 OFF 와 구분)
✅ /home/runner/work/ssambership-app/ssambership-app/test/mypage/mypage_navigation_test.dart: 멘토: 받은 질문 보기 → 마이페이지 닫힘 + 질문방 탭 등장(동일 원인 수정)
✅ /home/runner/work/ssambership-app/ssambership-app/test/mypage/mypage_navigation_test.dart: 뒤로가기 스택: 마이페이지를 그냥 닫으면 원래 탭 유지·크래시 없음
✅ /home/runner/work/ssambership-app/ssambership-app/test/push/push_payload_test.dart: PushPayload.fromRemote type 은 정본 17종 코드로 정확 일치 매핑된다
✅ /home/runner/work/ssambership-app/ssambership-app/test/push/push_payload_test.dart: PushPayload.fromRemote 목록 밖 타입·빈 타입은 unknown(키워드 포함 매칭 금지)
✅ /home/runner/work/ssambership-app/ssambership-app/test/push/push_payload_test.dart: PushPayload.fromRemote id 필드: room_id/thread_id/question_id 를 개별 보관, 빈 값은 null
✅ /home/runner/work/ssambership-app/ssambership-app/test/push/push_payload_test.dart: PushPayload.fromRemote eventId: notification_id 우선, 없으면 event_key, 둘 다 없으면 빈 문자열
✅ /home/runner/work/ssambership-app/ssambership-app/test/push/push_payload_test.dart: PushPayload.fromRemote 외부 경로 필드(link/url)는 파싱 단계에서 버려진다(보관 필드 없음)
✅ /home/runner/work/ssambership-app/ssambership-app/test/push/push_payload_test.dart: PushPayload.fromRemote 문자열 아닌 값은 무시한다(형 안전)
✅ /home/runner/work/ssambership-app/ssambership-app/test/push/push_service_test.dart: 토큰 수명주기 로그인 → 권한 허용·준비 시 토큰을 RPC 인자(token/platform)로 등록한다
✅ /home/runner/work/ssambership-app/ssambership-app/test/push/push_service_test.dart: 토큰 수명주기 앱 시작(세션 존재) → initialize(userId)만으로 등록된다
✅ /home/runner/work/ssambership-app/ssambership-app/test/push/push_service_test.dart: 토큰 수명주기 토큰 회전(onTokenRefresh) → 재등록하고 기억 id 를 갱신한다
✅ /home/runner/work/ssambership-app/ssambership-app/test/push/push_service_test.dart: 토큰 수명주기 로그아웃: 철회(revoke)가 supabase signOut 보다 반드시 먼저다(순서 기록)
✅ /home/runner/work/ssambership-app/ssambership-app/test/push/push_service_test.dart: 토큰 수명주기 철회 실패해도 로그아웃은 진행되고 기억 상태는 정리된다(비차단)
✅ /home/runner/work/ssambership-app/ssambership-app/test/push/push_service_test.dart: 토큰 수명주기 계정 전환: 로그아웃 후 새 로그인 → 재등록만으로 끝난다(서버 재소유)
✅ /home/runner/work/ssambership-app/ssambership-app/test/push/push_service_test.dart: 토큰 수명주기 등록 실패 → 상태 미기억(재시도 가능), 다음 시도에서 성공한다
✅ /home/runner/work/ssambership-app/ssambership-app/test/push/push_service_test.dart: 토큰 수명주기 등록 실패 상태에서도 로그아웃은 완료된다(철회할 토큰 없음 → revoke 생략)
✅ /home/runner/work/ssambership-app/ssambership-app/test/push/push_service_test.dart: 권한 OS 권한 매핑: authorized/provisional→granted, denied→denied, 미결정→notDetermined
✅ /home/runner/work/ssambership-app/ssambership-app/test/push/push_service_test.dart: 권한 거부 상태 → getToken/등록을 시도하지 않는다
✅ /home/runner/work/ssambership-app/ssambership-app/test/push/push_service_test.dart: 권한 requestPermissionOnce: 1회만 요청(중복 팝업 방지), Again 은 재요청
✅ /home/runner/work/ssambership-app/ssambership-app/test/push/push_service_test.dart: 권한 요청 후 허용 + userId → 즉시 등록까지 이어진다
✅ /home/runner/work/ssambership-app/ssambership-app/test/push/push_service_test.dart: 준비 경계(게이트웨이 초기화 실패) 크래시 없이 계속되고, 등록 시도·권한 요청이 전부 no-op 이다
✅ /home/runner/work/ssambership-app/ssambership-app/test/push/push_service_test.dart: 준비 경계(게이트웨이 초기화 실패) 레지스트라 미준비(백엔드 없음) → 등록 생략
✅ /home/runner/work/ssambership-app/ssambership-app/test/push/push_service_test.dart: 수신 스트림 포그라운드/탭/콜드스타트 메시지가 payload 스트림으로 흐른다
✅ /home/runner/work/ssambership-app/ssambership-app/test/version_gate/store_url_policy_test.dart: 통과 케이스 Play 스토어(https://play.google.com/...)
✅ /home/runner/work/ssambership-app/ssambership-app/test/version_gate/store_url_policy_test.dart: 통과 케이스 App Store(https://apps.apple.com/...)
✅ /home/runner/work/ssambership-app/ssambership-app/test/version_gate/store_url_policy_test.dart: 통과 케이스 iTunes(https://itunes.apple.com/...)
✅ /home/runner/work/ssambership-app/ssambership-app/test/version_gate/store_url_policy_test.dart: 통과 케이스 호스트 대문자 표기도 통과(호스트는 대소문자 무관)
✅ /home/runner/work/ssambership-app/ssambership-app/test/version_gate/store_url_policy_test.dart: 차단 케이스 허용 목록 밖 호스트(https://evil.com) → 열지 않는다
✅ /home/runner/work/ssambership-app/ssambership-app/test/version_gate/store_url_policy_test.dart: 차단 케이스 http 스킴(http://play.google.com) → https 아님이므로 차단
✅ /home/runner/work/ssambership-app/ssambership-app/test/version_gate/store_url_policy_test.dart: 차단 케이스 접미 위장(play.google.com.evil.com) → 정확 일치가 아니므로 차단
✅ /home/runner/work/ssambership-app/ssambership-app/test/version_gate/store_url_policy_test.dart: 차단 케이스 서브도메인 위장(evil.play.google.com 형태의 상위 위장) → 차단
✅ /home/runner/work/ssambership-app/ssambership-app/test/version_gate/store_url_policy_test.dart: 차단 케이스 null/빈 문자열/파싱 불가 → 차단(안내 문구로 대체)
✅ /home/runner/work/ssambership-app/ssambership-app/test/version_gate/store_url_policy_test.dart: 차단 케이스 스킴 없는 값(play.google.com/...) → 차단(https 강제)
✅ /home/runner/work/ssambership-app/ssambership-app/test/version_gate/force_update_screen_test.dart: 뒤로가기 차단: PopScope(canPop:false) + maybePop 이 진입을 소비한다
✅ /home/runner/work/ssambership-app/ssambership-app/test/version_gate/force_update_screen_test.dart: 앱으로 들어가는 동선이 없다 — 버튼은 스토어 버튼뿐
✅ /home/runner/work/ssambership-app/ssambership-app/test/version_gate/force_update_screen_test.dart: 스토어 버튼: 허용 호스트(https://play.google.com)는 연다
✅ /home/runner/work/ssambership-app/ssambership-app/test/version_gate/force_update_screen_test.dart: 스토어 버튼: 허용 밖 호스트(https://evil.com)는 열지 않고 안내만
✅ /home/runner/work/ssambership-app/ssambership-app/test/version_gate/version_gate_shell_test.dart: 통과(pass)면 자식이 그대로 보인다
✅ /home/runner/work/ssambership-app/ssambership-app/test/version_gate/force_update_screen_test.dart: 스토어 버튼: http 스킴(http://play.google.com)도 차단
✅ /home/runner/work/ssambership-app/ssambership-app/test/version_gate/force_update_screen_test.dart: 스토어 URL 누락(빈 문자열) → 열지 않고 안내만
✅ /home/runner/work/ssambership-app/ssambership-app/test/version_gate/version_gate_shell_test.dart: 강제 업데이트면 자식이 아예 그려지지 않는다(진입 차단)
✅ /home/runner/work/ssambership-app/ssambership-app/test/version_gate/force_update_screen_test.dart: 서버 message 가 있으면 그대로, 없으면 기본 문구
✅ /home/runner/work/ssambership-app/ssambership-app/test/version_gate/version_gate_shell_test.dart: 조회 실패면 재시도 화면(강제 업데이트 아님) → 재시도 성공 시 자식 진입
✅ /home/runner/work/ssambership-app/ssambership-app/test/version_gate/version_gate_shell_test.dart: 권장 업데이트: 자식 위 배너 — 닫으면 사라지고 실행당 1회로 끝
✅ /home/runner/work/ssambership-app/ssambership-app/test/version_gate/version_gate_shell_test.dart: 검사 중(checking)에는 자식 대신 로딩 — 진입 보류
✅ /home/runner/work/ssambership-app/ssambership-app/test/version_gate/version_gate_shell_test.dart: idle(시작 전)·skipped(웹 등)면 게이트 미개입 — 자식 그대로
✅ /home/runner/work/ssambership-app/ssambership-app/test/version_gate/version_gate_controller_test.dart: 현재 빌드(1)가 시드 정책(min=1)을 통과한다
✅ /home/runner/work/ssambership-app/ssambership-app/test/version_gate/version_gate_controller_test.dart: 구버전(min=5, current=1) → 강제 업데이트 + 정책 보존
✅ /home/runner/work/ssambership-app/ssambership-app/test/version_gate/version_gate_controller_test.dart: 권장(min=1, latest=9, current=1) → recommend, 닫으면 실행당 1회로 끝
✅ /home/runner/work/ssambership-app/ssambership-app/test/version_gate/version_gate_controller_test.dart: 조회 실패 → fetchFailed(강제 업데이트 아님), 재시도 성공 → pass
✅ /home/runner/work/ssambership-app/ssambership-app/test/version_gate/version_gate_controller_test.dart: 웹/미대상 플랫폼(resolver=null) → 게이트 건너뜀 + RPC 미호출
✅ /home/runner/work/ssambership-app/ssambership-app/test/version_gate/version_gate_controller_test.dart: 빌드번호 알 수 없음(null) → 차단 없이 통과(fail-open) + RPC 생략
✅ /home/runner/work/ssambership-app/ssambership-app/test/version_gate/version_gate_controller_test.dart: 시작 전(idle)에는 게이트가 개입하지 않는다(셸이 자식을 그대로 그림)
✅ /home/runner/work/ssambership-app/ssambership-app/test/version_gate/version_gate_decision_test.dart: decide: 기본 판정 현재 스테이징 시드(min=1, latest=1)에서 빌드 1은 정상 통과
✅ /home/runner/work/ssambership-app/ssambership-app/test/version_gate/version_gate_decision_test.dart: decide: 기본 판정 최소 지원 빌드 미만(min=5, current=1)이면 강제 업데이트
✅ /home/runner/work/ssambership-app/ssambership-app/test/version_gate/version_gate_decision_test.dart: decide: 기본 판정 최소는 충족하지만 최신이 더 높으면(min=1, latest=9) 권장 업데이트
✅ /home/runner/work/ssambership-app/ssambership-app/test/version_gate/version_gate_decision_test.dart: decide: 기본 판정 최신과 같으면 통과(권장 없음)
✅ /home/runner/work/ssambership-app/ssambership-app/test/version_gate/version_gate_decision_test.dart: decide: 정수 비교 계약 빌드 9 vs min 10 → 강제 업데이트(정수 비교: 9 < 10)
✅ /home/runner/work/ssambership-app/ssambership-app/test/version_gate/version_gate_decision_test.dart: decide: 정수 비교 계약 빌드 10 vs min 9 → 통과(정수 비교: 10 >= 9)
✅ /home/runner/work/ssambership-app/ssambership-app/test/version_gate/version_gate_decision_test.dart: decide: 정수 비교 계약 latest 10 vs 현재 9 → 권장(정수 비교: 10 > 9)
✅ /home/runner/work/ssambership-app/ssambership-app/test/version_gate/version_gate_decision_test.dart: decide: 정수 비교 계약 버전명 문자열은 판정에 절대 개입하지 않는다(표기 전용)
✅ /home/runner/work/ssambership-app/ssambership-app/test/version_gate/version_gate_decision_test.dart: decide: 알 수 없는 빌드번호(fail-open) currentBuild=null 이면 min 이 높아도 차단하지 않는다
✅ /home/runner/work/ssambership-app/ssambership-app/test/version_gate/version_gate_decision_test.dart: VersionPolicy.fromJson: 파싱 방어 정수 필드 정상 파싱
✅ /home/runner/work/ssambership-app/ssambership-app/test/version_gate/version_gate_decision_test.dart: VersionPolicy.fromJson: 파싱 방어 숫자 필드 누락/형 불일치는 1(비차단 기본값)로 — 파싱 실패가 앱을 잠그지 않는다
✅ /home/runner/work/ssambership-app/ssambership-app/test/version_gate/gate_platform_test.dart: android → "android"
✅ /home/runner/work/ssambership-app/ssambership-app/test/version_gate/gate_platform_test.dart: iOS → "ios"
✅ /home/runner/work/ssambership-app/ssambership-app/test/version_gate/gate_platform_test.dart: 데스크톱(macOS/linux/windows) → null(게이트 건너뜀)
✅ /home/runner/work/ssambership-app/ssambership-app/test/web_bridge/web_session_hygiene_test.dart: 등록된 cleaner 를 clear 가 호출한다(로그아웃·계정 전환 훅)
✅ /home/runner/work/ssambership-app/ssambership-app/test/web_bridge/web_session_hygiene_test.dart: 미등록이면 no-op(테스트·미지원 플랫폼 안전)
✅ /home/runner/work/ssambership-app/ssambership-app/test/web_bridge/web_session_hygiene_test.dart: cleaner 예외는 삼켜 흐름을 막지 않는다
✅ /home/runner/work/ssambership-app/ssambership-app/test/web_bridge/web_bridge_actions_test.dart: 미확정: 결제·구독 관리 → "웹에서 할 수 있어요" 안내(앱 결제화면 없음)
✅ /home/runner/work/ssambership-app/ssambership-app/test/web_bridge/web_bridge_actions_test.dart: 미확정: 정산 관리 → "정산 관리는 웹에서" 안내
✅ /home/runner/work/ssambership-app/ssambership-app/test/web_bridge/web_bridge_actions_test.dart: 설정 완료(주입): 열기 성공 → 안내 없음 + 올바른 URL
✅ /home/runner/work/ssambership-app/ssambership-app/test/web_bridge/shortform_compose_bridge_test.dart: bootstrap POST 본문 — Android form-urlencoded 계약 본문은 percent-encode 된 form-urlencoded, target=shortform_create 고정
✅ /home/runner/work/ssambership-app/ssambership-app/test/web_bridge/shortform_compose_bridge_test.dart: bootstrap POST 본문 — Android form-urlencoded 계약 토큰은 URL 에 싣지 않는다 — bootstrap URI 는 query/fragment 없음
✅ /home/runner/work/ssambership-app/ssambership-app/test/web_bridge/shortform_compose_bridge_test.dart: 탐색 allowlist — exact host + 허용 경로만 허용: bootstrap·작성 표면·완료/오류 브릿지(https, 동일 host)
✅ /home/runner/work/ssambership-app/ssambership-app/test/web_bridge/shortform_compose_bridge_test.dart: 탐색 allowlist — exact host + 허용 경로만 차단: 타 호스트·evil suffix·서브도메인
✅ /home/runner/work/ssambership-app/ssambership-app/test/web_bridge/shortform_compose_bridge_test.dart: 탐색 allowlist — exact host + 허용 경로만 차단: 비 https 스킴(javascript:/file:/data:/intent:/http:)
✅ /home/runner/work/ssambership-app/ssambership-app/test/web_bridge/shortform_compose_bridge_test.dart: 탐색 allowlist — exact host + 허용 경로만 차단: 결제·구독·충전·기타 웹 경로(동일 host 여도)
✅ /home/runner/work/ssambership-app/ssambership-app/test/web_bridge/shortform_compose_bridge_test.dart: 완료 브릿지 판정 — kind/result enum 고정 draft/published 만 결과로 인정
✅ /home/runner/work/ssambership-app/ssambership-app/test/web_bridge/shortform_compose_bridge_test.dart: 완료 브릿지 판정 — kind/result enum 고정 미지 kind/result·타 호스트는 완료로 인정하지 않음
✅ /home/runner/work/ssambership-app/ssambership-app/test/web_bridge/web_bridge_test.dart: 설정 완료(baseUrl 주입): URL 조립 + 열기 openBillingManage: billingManagePath + src 쿼리 반영
✅ /home/runner/work/ssambership-app/ssambership-app/test/web_bridge/web_bridge_test.dart: 설정 완료(baseUrl 주입): URL 조립 + 열기 buildUri: 추가 쿼리는 기존 쿼리와 병합된다
✅ /home/runner/work/ssambership-app/ssambership-app/test/web_bridge/web_bridge_test.dart: 설정 완료(baseUrl 주입): URL 조립 + 열기 결제관리/정산/프로필 각 경로로 조립
✅ /home/runner/work/ssambership-app/ssambership-app/test/web_bridge/web_bridge_test.dart: 설정 완료(baseUrl 주입): URL 조립 + 열기 openAccountDelete: accountDeletePath 로 조립
✅ /home/runner/work/ssambership-app/ssambership-app/test/web_bridge/web_bridge_test.dart: 설정 완료(baseUrl 주입): URL 조립 + 열기 열기 실패 → failed
✅ /home/runner/work/ssambership-app/ssambership-app/test/web_bridge/web_bridge_test.dart: P3-7 URL 하드닝: https + 허용 호스트만 연다 https 강제: http 는 차단
✅ /home/runner/work/ssambership-app/ssambership-app/test/web_bridge/web_bridge_test.dart: P3-7 URL 하드닝: https + 허용 호스트만 연다 정확히 같은 호스트 통과
✅ /home/runner/work/ssambership-app/ssambership-app/test/web_bridge/web_bridge_test.dart: P3-7 URL 하드닝: https + 허용 호스트만 연다 승인 서브도메인(.ssambership.com) 통과
✅ /home/runner/work/ssambership-app/ssambership-app/test/web_bridge/web_bridge_test.dart: P3-7 URL 하드닝: https + 허용 호스트만 연다 접미 위장(evilssambership.com) 차단 — 점 없는 접미사는 서브도메인 아님
✅ /home/runner/work/ssambership-app/ssambership-app/test/web_bridge/web_bridge_test.dart: P3-7 URL 하드닝: https + 허용 호스트만 연다 접두 위장(ssambership.com.evil.com) 차단
✅ /home/runner/work/ssambership-app/ssambership-app/test/web_bridge/web_bridge_test.dart: P3-7 URL 하드닝: https + 허용 호스트만 연다 임의 외부 URL 차단
✅ /home/runner/work/ssambership-app/ssambership-app/test/web_bridge/web_bridge_test.dart: P3-7 URL 하드닝: https + 허용 호스트만 연다 http base 주입이면 열지 않고 failed(launcher 미호출)
✅ /home/runner/work/ssambership-app/ssambership-app/test/web_bridge/web_bridge_test.dart: P3-7 URL 하드닝: https + 허용 호스트만 연다 경로 주입으로 호스트가 바뀌는 URL(@ 트릭)도 열지 않는다
✅ /home/runner/work/ssambership-app/ssambership-app/test/web_bridge/web_bridge_test.dart: P3-7 URL 하드닝: https + 허용 호스트만 연다 오버라이드 base(스테이징 등)에서도 동일 규칙: 자기 호스트·서브도메인만
✅ /home/runner/work/ssambership-app/ssambership-app/test/web_bridge/web_bridge_test.dart: P3-7 URL 하드닝: https + 허용 호스트만 연다 기본 설정값은 운영 도메인(https) — 오버라이드 빌드는 제외
✅ /home/runner/work/ssambership-app/ssambership-app/test/web_bridge/web_bridge_test.dart: 미확정(baseUrl 비었음): 열지 않고 안내 폴백 launcher 미호출 + notConfigured + buildUri null
✅ /home/runner/work/ssambership-app/ssambership-app/test/web_bridge/web_bridge_test.dart: 미확정(baseUrl 비었음): 열지 않고 안내 폴백 기본 WebBridge() 는 WebBridgeConfig 설정값을 그대로 반영
✅ /home/runner/work/ssambership-app/ssambership-app/test/screens/entry_guard_redirect_test.dart: loading → 스플래시 고정
✅ /home/runner/work/ssambership-app/ssambership-app/test/screens/entry_guard_redirect_test.dart: loggedOut → 로그인 고정(보호 경로 직접 접근 차단)
✅ /home/runner/work/ssambership-app/ssambership-app/test/screens/entry_guard_redirect_test.dart: guest → 홈·로그인만 허용, 그 외는 홈으로
✅ /home/runner/work/ssambership-app/ssambership-app/test/screens/entry_guard_redirect_test.dart: full → 홈 고정(로그인·차단 화면 재진입 방지)
✅ /home/runner/work/ssambership-app/ssambership-app/test/screens/entry_guard_redirect_test.dart: blocked → 차단 화면 고정(admin·banned·상태불명 공통)
✅ /home/runner/work/ssambership-app/ssambership-app/test/screens/entry_guard_redirect_test.dart: dev 라우트는 가드 제외(개발 빌드 한정 등록 전제)
✅ /home/runner/work/ssambership-app/ssambership-app/test/screens/entry_guard_redirect_test.dart: 게스트 허용 탭은 커뮤니티(1)·멘토찾기(2)뿐
✅ /home/runner/work/ssambership-app/ssambership-app/test/screens/small_viewport_states_test.dart: 320×568 — 개별질문 목록(학생) 로딩
✅ /home/runner/work/ssambership-app/ssambership-app/test/screens/small_viewport_states_test.dart: 320×568 — 개별질문 목록(학생) 빈 상태
✅ /home/runner/work/ssambership-app/ssambership-app/test/screens/small_viewport_states_test.dart: 320×568 — 개별질문 목록(학생) 에러 상태
✅ /home/runner/work/ssambership-app/ssambership-app/test/screens/connection_notes_boundary_test.dart: 빈 문자열·공백만으로는 저장이 호출되지 않는다
✅ /home/runner/work/ssambership-app/ssambership-app/test/screens/small_viewport_states_test.dart: 320×568 — 개별질문 목록(멘토) 로딩·빈·에러
✅ /home/runner/work/ssambership-app/ssambership-app/test/screens/connection_notes_boundary_test.dart: 앞뒤 공백은 trim 되어 저장된다
✅ /home/runner/work/ssambership-app/ssambership-app/test/screens/connection_notes_boundary_test.dart: 초장문(10k자)·이모지·특수문자 노트가 예외 없이 렌더된다
✅ /home/runner/work/ssambership-app/ssambership-app/test/screens/small_viewport_states_test.dart: 320×568 — 개별질문 상세 데이터·에러
✅ /home/runner/work/ssambership-app/ssambership-app/test/screens/small_viewport_states_test.dart: 320×568 — 알림 로딩·빈·에러
✅ /home/runner/work/ssambership-app/ssambership-app/test/screens/small_viewport_states_test.dart: 320×568 — 마이페이지 학생 데이터·에러
✅ /home/runner/work/ssambership-app/ssambership-app/test/screens/small_viewport_states_test.dart: 320×568 — 연결노트 로딩·빈·에러
✅ /home/runner/work/ssambership-app/ssambership-app/test/screens/connection_notes_save_test.dart: 상대 노트 렌더 + 내 노트 저장이 save 경로(본인 author)를 호출
✅ /home/runner/work/ssambership-app/ssambership-app/test/screens/new_question_submit_test.dart: usage 조회 실패(null) → 제출 차단, 생성 RPC 미호출(P2-13 fail-closed)
✅ /home/runner/work/ssambership-app/ssambership-app/test/screens/new_question_submit_test.dart: 한도 소진(can_ask=false) → 차단 문구, 생성 RPC 미호출
✅ /home/runner/work/ssambership-app/ssambership-app/test/screens/new_question_submit_test.dart: 정상 제출 → 원자 생성 RPC 1회(본문 포함), 별도 append 없음, 성공 pop
✅ /home/runner/work/ssambership-app/ssambership-app/test/screens/new_question_submit_test.dart: 생성 RPC 실패(서버 한도 판정) → 오류 노출, 로컬 성공 없음
✅ /home/runner/work/ssambership-app/ssambership-app/test/screens/attachment_viewer_test.dart: 스모크: 전체화면 뷰어에 줌·팬 + 주석 달기 액션
✅ /home/runner/work/ssambership-app/ssambership-app/test/screens/chat_input_test.dart: 학생 채팅: 입력창이 하단에 있고 첨부·전송 아이콘이 있다
✅ /home/runner/work/ssambership-app/ssambership-app/test/screens/chat_input_test.dart: 멘토 답변: 입력창 하단 + 전송 버튼 tooltip "답변 전송" + 학생명/제목 헤더
✅ /home/runner/work/ssambership-app/ssambership-app/test/screens/chat_attachment_send_test.dart: 학생 채팅: 첨부 업로드 실패 → pending 유지 + 실패 문구(전체 성공 위장 금지)
✅ /home/runner/work/ssambership-app/ssambership-app/test/screens/chat_attachment_send_test.dart: 학생 채팅: 첨부 업로드 성공 → pending 정리
✅ /home/runner/work/ssambership-app/ssambership-app/test/screens/chat_attachment_send_test.dart: 멘토 답변: 첫 첨부 answered 전이 신호 → 상태칩 "진행 중"(별도 UPDATE 없음)
✅ /home/runner/work/ssambership-app/ssambership-app/test/screens/chat_attachment_send_test.dart: 멘토 답변: 첨부 실패 → 상태 전이 없음 + pending 유지
✅ /home/runner/work/ssambership-app/ssambership-app/test/screens/wrong_answer_toggle_test.dart: confirmed 스레드: 학생에게 "오답으로 표시" 노출 → RPC 1회(isWrong=true) + 재조회 반영
✅ /home/runner/work/ssambership-app/ssambership-app/test/screens/wrong_answer_toggle_test.dart: 이미 오답인 스레드: "오답 표시 해제" → RPC(isWrong=false)
✅ /home/runner/work/ssambership-app/ssambership-app/test/screens/wrong_answer_toggle_test.dart: RPC 실패 → 이전 상태 유지(라벨 그대로) + 재시도 안내, UI 위장 없음
✅ /home/runner/work/ssambership-app/ssambership-app/test/screens/wrong_answer_toggle_test.dart: 답변 전(pending) 스레드에는 오답 토글 미노출
✅ /home/runner/work/ssambership-app/ssambership-app/test/screens/wrong_answer_toggle_test.dart: answered 스레드: 답변 확인 버튼과 오답 토글이 함께 노출
✅ /home/runner/work/ssambership-app/ssambership-app/test/data/friendly_error_test.dart: AppError 는 userMessage 만 노출
✅ /home/runner/work/ssambership-app/ssambership-app/test/data/friendly_error_test.dart: PostgrestException 원문(테이블·제약조건명)을 통과시키지 않는다
✅ /home/runner/work/ssambership-app/ssambership-app/test/data/friendly_error_test.dart: StorageException·일반 Exception 도 고정 문구로 대체
✅ /home/runner/work/ssambership-app/ssambership-app/test/data/friendly_error_test.dart: friendlyAuthError — 원문은 분기에만 쓰고 한글 고정 문구만 반환
✅ /home/runner/work/ssambership-app/ssambership-app/test/screens/home_shell_test.dart: 하단 탭 5개: 질문방·커뮤니티·멘토 찾기·알림·개별질문 (마이페이지 탭 없음)
✅ /home/runner/work/ssambership-app/ssambership-app/test/data/thread_messages_controller_test.dart: add: 새 id 는 추가, 중복 id 는 무시
✅ /home/runner/work/ssambership-app/ssambership-app/test/data/thread_messages_controller_test.dart: created_at 오름차순 정렬 유지
✅ /home/runner/work/ssambership-app/ssambership-app/test/data/thread_messages_controller_test.dart: resetTo: 전체 교체 + 중복 제거
✅ /home/runner/work/ssambership-app/ssambership-app/test/screens/home_shell_test.dart: 우측 상단 프로필 버튼 → 마이페이지 push (탭 전환 아님)
✅ /home/runner/work/ssambership-app/ssambership-app/test/screens/home_shell_test.dart: 게스트: 질문방·알림·개별질문 탭 → 로그인 안내 리다이렉트
✅ /home/runner/work/ssambership-app/ssambership-app/test/data/formatters_boundary_test.dart: relativeKorean 경계 방금(60초 미만)
✅ /home/runner/work/ssambership-app/ssambership-app/test/data/formatters_boundary_test.dart: relativeKorean 경계 정확히 60초 → 1분 전
✅ /home/runner/work/ssambership-app/ssambership-app/test/data/formatters_boundary_test.dart: relativeKorean 경계 미래 시각(서버-기기 시계 오차)도 예외 없이 표기된다
✅ /home/runner/work/ssambership-app/ssambership-app/test/data/formatters_boundary_test.dart: relativeKorean 경계 7일 경계: 6일은 상대, 7일부터 날짜
✅ /home/runner/work/ssambership-app/ssambership-app/test/data/formatters_boundary_test.dart: relativeKorean 경계 연 경계를 넘는 과거는 연도 포함 날짜
✅ /home/runner/work/ssambership-app/ssambership-app/test/data/formatters_boundary_test.dart: hourMinute / shortDate 경계 자정·한 자리 분은 0 패딩
✅ /home/runner/work/ssambership-app/ssambership-app/test/data/formatters_boundary_test.dart: hourMinute / shortDate 경계 shortDate 는 패딩 없이 M/D
✅ /home/runner/work/ssambership-app/ssambership-app/test/screens/home_shell_test.dart: 게스트: 커뮤니티·멘토 찾기 탭은 허용(리다이렉트 없음)
✅ /home/runner/work/ssambership-app/ssambership-app/test/screens/home_shell_test.dart: 게스트: 프로필 버튼 → 로그인 안내 리다이렉트
✅ /home/runner/work/ssambership-app/ssambership-app/test/screens/home_shell_test.dart: 딥링크: AppTab.myPage(=100) 는 탭 전환이 아니라 마이페이지 push
✅ /home/runner/work/ssambership-app/ssambership-app/test/data/subject_restrict_test.dart: 멘토 담당과목이 한글 라벨(수학·영어)이면 그 과목만 후보로 정규화(math·english)
✅ /home/runner/work/ssambership-app/ssambership-app/test/data/subject_restrict_test.dart: 멘토 담당과목이 코드(math·math_calculus)여도 그대로 제한
✅ /home/runner/work/ssambership-app/ssambership-app/test/data/subject_restrict_test.dart: 한글 라벨과 코드가 같은 과목이면 중복 제거(수학=math)
✅ /home/runner/work/ssambership-app/ssambership-app/test/data/subject_restrict_test.dart: 정규화 안 되는 자유 라벨(코딩)은 DB 전송 후보에서 제외(P2-23)
✅ /home/runner/work/ssambership-app/ssambership-app/test/data/subject_restrict_test.dart: 전부 자유 라벨이면 정본 후보 없음 → restrict 는 전체 폴백(빈 드롭다운 금지)
✅ /home/runner/work/ssambership-app/ssambership-app/test/data/subject_restrict_test.dart: 빈 값이면 전체 과목으로 폴백(빈 드롭다운 금지)
✅ /home/runner/work/ssambership-app/ssambership-app/test/data/subject_restrict_test.dart: 공백만 있으면 전체 폴백
✅ /home/runner/work/ssambership-app/ssambership-app/test/data/subject_restrict_test.dart: mentorSubjectCodesStrict: 멘토 담당 과목만 + 정본 코드만(전체 폴백 없음)
✅ /home/runner/work/ssambership-app/ssambership-app/test/data/subject_restrict_test.dart: subjectCodeForDb: 정본 code 또는 null — 자유 문자열을 절대 돌려주지 않음
✅ /home/runner/work/ssambership-app/ssambership-app/test/data/subject_restrict_test.dart: 정본 35개 코드 전부 왕복(코드→라벨→코드) + DB 전송 검증 통과
✅ /home/runner/work/ssambership-app/ssambership-app/test/data/subject_restrict_test.dart: subjectLabel(표시)은 관대 유지: 정본 라벨화·한글 자유 라벨 통과·영문 미매핑 기타
✅ /home/runner/work/ssambership-app/ssambership-app/test/screens/home_shell_test.dart: 딥링크: 개별질문(4) 탭 전환 + -1 리셋 + 같은 탭 재요청도 처리
✅ /home/runner/work/ssambership-app/ssambership-app/test/screens/home_shell_test.dart: 작은 뷰포트(320×568): 셸 + 전 탭 전환에 오버플로 예외 없음
✅ /home/runner/work/ssambership-app/ssambership-app/test/data/trusted_attachment_url_test.dart: 동일 호스트 + https → 허용
✅ /home/runner/work/ssambership-app/ssambership-app/test/data/trusted_attachment_url_test.dart: http(비루프백)·다른 호스트·suffix 우회 → 차단
✅ /home/runner/work/ssambership-app/ssambership-app/test/data/trusted_attachment_url_test.dart: 로컬 개발(http 루프백 백엔드)일 때만 http 루프백 허용
✅ /home/runner/work/ssambership-app/ssambership-app/test/data/trusted_attachment_url_test.dart: 상대 경로·호스트 없음 → 차단
✅ /home/runner/work/ssambership-app/ssambership-app/test/data/thread_status_counts_test.dart: ThreadStatusCounts.from 상태별 카운트 집계 (open 은 진행 중에 합산)
✅ /home/runner/work/ssambership-app/ssambership-app/test/data/thread_status_counts_test.dart: ThreadStatusCounts.from pending>0 이면 needsAttention(멘토가 답할 차례)
✅ /home/runner/work/ssambership-app/ssambership-app/test/data/thread_status_counts_test.dart: summaryLine (목록 행 요약) 질문 없음
✅ /home/runner/work/ssambership-app/ssambership-app/test/data/thread_status_counts_test.dart: summaryLine (목록 행 요약) 대기/진행 혼합 → "답변 대기 N · 진행 중 N"
✅ /home/runner/work/ssambership-app/ssambership-app/test/data/thread_status_counts_test.dart: summaryLine (목록 행 요약) 전부 확인 완료 → "모두 답변 완료"
✅ /home/runner/work/ssambership-app/ssambership-app/test/data/thread_status_counts_test.dart: summaryLine (목록 행 요약) 요약 라인에 영문 status 코드가 노출되지 않는다
✅ /home/runner/work/ssambership-app/ssambership-app/test/data/attachment_upload_rpc_test.dart: SupabaseAttachmentUploader (RPC 등록 + 보상) 성공: 업로드 1회 → 등록 RPC 1회, 보상 삭제 없음, 전이 신호 전달
✅ /home/runner/work/ssambership-app/ssambership-app/test/data/attachment_upload_rpc_test.dart: SupabaseAttachmentUploader (RPC 등록 + 보상) 등록 실패: 방금 올린 미등록 객체만 보상 DELETE, 원래 실패 문구 유지
✅ /home/runner/work/ssambership-app/ssambership-app/test/data/attachment_upload_rpc_test.dart: SupabaseAttachmentUploader (RPC 등록 + 보상) 등록 실패 + 보상 삭제도 실패: 이중 오류를 별도로 보존한다
✅ /home/runner/work/ssambership-app/ssambership-app/test/data/attachment_upload_rpc_test.dart: SupabaseAttachmentUploader (RPC 등록 + 보상) 23505 + 의미 완전 일치(경로·thread·message·author) → 멱등 성공, 삭제 0
✅ /home/runner/work/ssambership-app/ssambership-app/test/data/attachment_upload_rpc_test.dart: SupabaseAttachmentUploader (RPC 등록 + 보상) 23505 + storage_path 불일치(백엔드가 조회 인자를 무시) → 충돌 오류, 삭제 0
✅ /home/runner/work/ssambership-app/ssambership-app/test/data/attachment_upload_rpc_test.dart: SupabaseAttachmentUploader (RPC 등록 + 보상) 23505 + thread 불일치 → 충돌 오류(성공 위장 금지), 삭제 0
✅ /home/runner/work/ssambership-app/ssambership-app/test/data/attachment_upload_rpc_test.dart: SupabaseAttachmentUploader (RPC 등록 + 보상) 23505 + author 불일치(타인 등록행) → 충돌 오류, 삭제 0
✅ /home/runner/work/ssambership-app/ssambership-app/test/data/attachment_upload_rpc_test.dart: SupabaseAttachmentUploader (RPC 등록 + 보상) 23505 + message_id 불일치 → 충돌 오류, 삭제 0
✅ /home/runner/work/ssambership-app/ssambership-app/test/data/attachment_upload_rpc_test.dart: SupabaseAttachmentUploader (RPC 등록 + 보상) 23505 인데 조회 행 없음 → 기존 실패 흐름(미등록 객체 보상 삭제)
✅ /home/runner/work/ssambership-app/ssambership-app/test/data/attachment_upload_rpc_test.dart: SupabaseAttachmentUploader (RPC 등록 + 보상) 예상 밖 RPC 반환형: 실패로 취급하고 보상 삭제 수행
✅ /home/runner/work/ssambership-app/ssambership-app/test/data/attachment_upload_rpc_test.dart: SupabaseAttachmentUploader (RPC 등록 + 보상) 검증 실패(5MB 초과)면 업로드 자체를 시작하지 않는다
✅ /home/runner/work/ssambership-app/ssambership-app/test/data/attachment_validation_test.dart: 정상 이미지 → null(통과)
✅ /home/runner/work/ssambership-app/ssambership-app/test/data/attachment_validation_test.dart: 5MB 초과 → 크기 사유
✅ /home/runner/work/ssambership-app/ssambership-app/test/data/attachment_validation_test.dart: 허용 안 되는 형식 → 형식 사유
✅ /home/runner/work/ssambership-app/ssambership-app/test/data/attachment_validation_test.dart: 업로드 제한 안내 문구는 저작권 안내를 포함하고 비어있지 않다
✅ /home/runner/work/ssambership-app/ssambership-app/test/data/attachment_validation_test.dart: DisabledImagePicker: 비활성 + null 반환(인수인계)
✅ /home/runner/work/ssambership-app/ssambership-app/test/data/attachment_validation_test.dart: SupabaseAttachmentUploader: 버킷 실사 확인 → 활성
✅ /home/runner/work/ssambership-app/ssambership-app/test/data/attachment_validation_test.dart: 업로드 경로: 첫 세그먼트가 roomId(정책 규약) + 파일명 안전화
✅ /home/runner/work/ssambership-app/ssambership-app/test/data/attachment_url_resolver_test.dart: 만료 전엔 캐시 재사용, 만료 후엔 재발급
✅ /home/runner/work/ssambership-app/ssambership-app/test/data/attachment_url_resolver_test.dart: 경로가 다르면 각각 발급(캐시 키 분리)
✅ /home/runner/work/ssambership-app/ssambership-app/test/data/attachment_url_resolver_test.dart: download 는 캐시 없이 백엔드로 위임
✅ /home/runner/work/ssambership-app/ssambership-app/test/data/attachment_url_resolver_test.dart: isImageAttachment: image/* 만 true
✅ /home/runner/work/ssambership-app/ssambership-app/test/data/auto_question_title_test.dart: autoQuestionTitle: N = 기존 질문 수 + 1
✅ /home/runner/work/ssambership-app/ssambership-app/test/data/lookup_models_test.dart: StudentPublic.displayName (멘토가 보는 학생 이름) nickname 우선
✅ /home/runner/work/ssambership-app/ssambership-app/test/data/lookup_models_test.dart: StudentPublic.displayName (멘토가 보는 학생 이름) nickname 비면 full_name
✅ /home/runner/work/ssambership-app/ssambership-app/test/data/lookup_models_test.dart: StudentPublic.displayName (멘토가 보는 학생 이름) 둘 다 없으면 "학생" 폴백
✅ /home/runner/work/ssambership-app/ssambership-app/test/data/lookup_models_test.dart: MentorPublic.displayName (학생이 보는 멘토 이름) nickname 우선 → full_name → "멘토" 폴백
✅ /home/runner/work/ssambership-app/ssambership-app/test/data/qna_error_mapper_test.dart: qnaErrorCode — 코드 토큰 추출 raise exception 코드 문자열을 그대로 추출한다
✅ /home/runner/work/ssambership-app/ssambership-app/test/data/qna_error_mapper_test.dart: qnaErrorCode — 코드 토큰 추출 일반 영문 에러 문장/비Postgrest 예외는 null
✅ /home/runner/work/ssambership-app/ssambership-app/test/data/qna_error_mapper_test.dart: qnaErrorMessage — 사용자 문구 매핑 사용량·질문권 소진 코드를 구분해 안내한다
✅ /home/runner/work/ssambership-app/ssambership-app/test/data/qna_error_mapper_test.dart: qnaErrorMessage — 사용자 문구 매핑 환불 보류·잠긴 스레드·계정 제한·멘토 미승인 각각 다른 안내
✅ /home/runner/work/ssambership-app/ssambership-app/test/data/qna_error_mapper_test.dart: qnaErrorMessage — 사용자 문구 매핑 첨부 소유권·경로 오류는 첨부 안내로 묶인다
✅ /home/runner/work/ssambership-app/ssambership-app/test/data/qna_error_mapper_test.dart: qnaErrorMessage — 사용자 문구 매핑 알 수 없는 코드는 null → 호출부가 일반 재시도 문구로 폴백
✅ /home/runner/work/ssambership-app/ssambership-app/test/data/qna_error_mapper_test.dart: qnaErrorMessage — 사용자 문구 매핑 매핑 문구에 내부 SQL/RPC명·영문 코드가 노출되지 않는다
✅ /home/runner/work/ssambership-app/ssambership-app/test/data/qna_error_mapper_test.dart: mapQnaError — AppError 변환 알려진 코드는 AppError(한글)로, friendlyError 로 그대로 표시 가능
✅ /home/runner/work/ssambership-app/ssambership-app/test/data/qna_error_mapper_test.dart: mapQnaError — AppError 변환 알 수 없는 예외는 원본 그대로 → friendlyError 가 일반 문구
✅ /home/runner/work/ssambership-app/ssambership-app/test/data/qna_error_mapper_test.dart: isUniqueViolation 23505 만 true
✅ /home/runner/work/ssambership-app/ssambership-app/test/design/role_accent_test.dart: RoleAccent.forRole 멘토는 초록(#059669)
✅ /home/runner/work/ssambership-app/ssambership-app/test/design/role_accent_test.dart: RoleAccent.forRole 학생은 파랑(#2563EB)
✅ /home/runner/work/ssambership-app/ssambership-app/test/design/role_accent_test.dart: RoleAccent.forRole 공개/게스트/관리자는 파랑 폴백
✅ /home/runner/work/ssambership-app/ssambership-app/test/design/role_accent_test.dart: RoleAccent.forRole accentMuted 는 각 역할의 진한 변형
✅ /home/runner/work/ssambership-app/ssambership-app/test/core_ink/ink_toolbar_test.dart: 툴바가 렌더되고 기본 버튼들이 보인다
✅ /home/runner/work/ssambership-app/ssambership-app/test/core_ink/ink_toolbar_test.dart: 색 프리셋 선택 시 notifier 선택색이 바뀐다
✅ /home/runner/work/ssambership-app/ssambership-app/test/core_ink/ink_toolbar_test.dart: 굵기 선택 시 notifier 선택 굵기가 바뀐다
✅ /home/runner/work/ssambership-app/ssambership-app/test/core_ink/ink_toolbar_test.dart: 지우개 토글 시 지우기 상태로 전환된다
✅ /home/runner/work/ssambership-app/ssambership-app/test/core_ink/ink_toolbar_test.dart: 전체 지우기: 확인 다이얼로그 후에만 지워진다
✅ /home/runner/work/ssambership-app/ssambership-app/test/core_ink/ink_toolbar_test.dart: 전체 지우기: 취소 시 유지된다
✅ /home/runner/work/ssambership-app/ssambership-app/test/core_ink/ink_toolbar_test.dart: 손가락 토글 시 allowedPointers 모드가 all 로 바뀐다
✅ /home/runner/work/ssambership-app/ssambership-app/test/design/action_button_color_test.dart: PrimaryButton — AppRole.student 테마에서도 액션 파랑 + 흰 글자(대비 확보)
✅ /home/runner/work/ssambership-app/ssambership-app/test/design/action_button_color_test.dart: SecondaryButton(액션) — AppRole.student 테마에서도 파랑 외곽선/글자
✅ /home/runner/work/ssambership-app/ssambership-app/test/design/action_button_color_test.dart: PrimaryButton — AppRole.mentor 테마에서도 액션 파랑 + 흰 글자(대비 확보)
✅ /home/runner/work/ssambership-app/ssambership-app/test/design/action_button_color_test.dart: SecondaryButton(액션) — AppRole.mentor 테마에서도 파랑 외곽선/글자
✅ /home/runner/work/ssambership-app/ssambership-app/test/design/action_button_color_test.dart: SecondaryButton(neutral) — 중립 회색 계열 불변
✅ /home/runner/work/ssambership-app/ssambership-app/test/design/action_button_color_test.dart: 멘토 정체성 색은 유지 — 액션 파랑 수렴이 AppAccent(장식·배지)를 바꾸지 않는다
✅ /home/runner/work/ssambership-app/ssambership-app/test/design/action_button_color_test.dart: 비활성(Primary) — 기존 muted 계열 유지
✅ /home/runner/work/ssambership-app/ssambership-app/test/design/theme_neutral_surface_test.dart: role=AppRole.student 파생 표면 슬롯 = 중립 토큰(역할 hue 아님)
✅ /home/runner/work/ssambership-app/ssambership-app/test/design/theme_neutral_surface_test.dart: role=AppRole.student surfaceTint = transparent(elevation 오버레이 틴트 제거)
✅ /home/runner/work/ssambership-app/ssambership-app/test/design/theme_neutral_surface_test.dart: role=AppRole.student 역할 강조색은 primary 슬롯에만 유지
✅ /home/runner/work/ssambership-app/ssambership-app/test/design/theme_neutral_surface_test.dart: role=AppRole.mentor 파생 표면 슬롯 = 중립 토큰(역할 hue 아님)
✅ /home/runner/work/ssambership-app/ssambership-app/test/design/theme_neutral_surface_test.dart: role=AppRole.mentor surfaceTint = transparent(elevation 오버레이 틴트 제거)
✅ /home/runner/work/ssambership-app/ssambership-app/test/design/theme_neutral_surface_test.dart: role=AppRole.mentor 역할 강조색은 primary 슬롯에만 유지
✅ /home/runner/work/ssambership-app/ssambership-app/test/design/theme_neutral_surface_test.dart: 멘토·학생 표면은 동일(중립)·primary만 다름
✅ /home/runner/work/ssambership-app/ssambership-app/test/widgets/entrance_card_test.dart: EntranceCard: 제목·child·trailing 렌더 + 탭 콜백
✅ /home/runner/work/ssambership-app/ssambership-app/test/widgets/entrance_card_test.dart: 방 홈의 두 입구(질문/답변 · 연결노트)가 함께 존재
✅ /home/runner/work/ssambership-app/ssambership-app/test/widgets/note_author_badge_test.dart: 멘토 노트·학생 노트가 각각 한글 작성자 라벨로 구분 렌더
✅ /home/runner/work/ssambership-app/ssambership-app/test/widgets/note_author_badge_test.dart: ConnectionNote.fromMap: author_role 코드 → enum
✅ /home/runner/work/ssambership-app/ssambership-app/test/widgets/live_message_list_test.dart: 실시간 insert 콜백 → 새로고침 없이 목록에 추가(중복 무시)
✅ /home/runner/work/ssambership-app/ssambership-app/test/widgets/live_message_list_test.dart: dispose 시 realtime 구독 정리(누수 금지)
✅ /home/runner/work/ssambership-app/ssambership-app/test/widgets/chat_input_bar_test.dart: 첨부 버튼 탭 → onAttach 콜백 연결
✅ /home/runner/work/ssambership-app/ssambership-app/test/widgets/live_message_list_test.dart: 빈 목록 → 힌트 표시
✅ /home/runner/work/ssambership-app/ssambership-app/test/widgets/chat_input_bar_test.dart: 전송 버튼 탭 → onSend 콜백
✅ /home/runner/work/ssambership-app/ssambership-app/test/widgets/chat_input_bar_test.dart: 선택 이미지 → 미리보기(파일명)·업로드 제한문구·제거 버튼
✅ /home/runner/work/ssambership-app/ssambership-app/test/widgets/chat_input_bar_test.dart: 전송 중이면 전송 버튼 비활성(onSend 미호출)
✅ /home/runner/work/ssambership-app/ssambership-app/test/widgets/mypage_density_test.dart: 멘토 대시보드: 지표 숫자(3·2) + 최근 정산 한 줄(라벨+금액)
✅ /home/runner/work/ssambership-app/ssambership-app/test/widgets/mentor_meta_item_test.dart: 아이콘 + 텍스트를 함께 렌더한다
✅ /home/runner/work/ssambership-app/ssambership-app/test/widgets/mentor_meta_item_test.dart: 아이콘 색 기본은 secondary 토큰
✅ /home/runner/work/ssambership-app/ssambership-app/test/widgets/mypage_density_test.dart: 구독 헤더: 활성 구독만 카운트한 배지(2)
✅ /home/runner/work/ssambership-app/ssambership-app/test/widgets/mypage_section_test.dart: icon 지정 시 제목 앞 아이콘을 렌더한다
✅ /home/runner/work/ssambership-app/ssambership-app/test/widgets/mypage_section_test.dart: icon 없으면 아이콘 없이 제목만(기존 동작)
✅ /home/runner/work/ssambership-app/ssambership-app/test/widgets/message_bubble_test.dart: mine=true → 우측 정렬(내 메시지)
✅ /home/runner/work/ssambership-app/ssambership-app/test/widgets/message_bubble_test.dart: mine=false → 좌측 정렬(상대 메시지)
✅ /home/runner/work/ssambership-app/ssambership-app/test/widgets/message_bubble_test.dart: 같은 작성자 기준이 좌우로 갈린다(거울상)
✅ /home/runner/work/ssambership-app/ssambership-app/test/widgets/thread_status_pill_test.dart: ThreadStatusPill 은 한글 라벨을 렌더한다(영문 status 비노출)
✅ /home/runner/work/ssambership-app/ssambership-app/test/widgets/thread_status_pill_test.dart: toneFor: pending=warning, answered=info, confirmed=success
✅ /home/runner/work/ssambership-app/ssambership-app/test/widgets/d1_visualization_test.dart: QuotaBar(D1-A) 잔여 꽉참(0/4 사용) → 바 100%, 라벨 표기
✅ /home/runner/work/ssambership-app/ssambership-app/test/widgets/d1_visualization_test.dart: QuotaBar(D1-A) 잔여 없음(4/4 사용) → 바 0%
✅ /home/runner/work/ssambership-app/ssambership-app/test/widgets/d1_visualization_test.dart: QuotaBar(D1-A) 절반(2/4 사용) → 바 50%
✅ /home/runner/work/ssambership-app/ssambership-app/test/widgets/d1_visualization_test.dart: QuotaBar(D1-A) 무제한(limit 999) → 바 없이 "주 무제한 질문"
✅ /home/runner/work/ssambership-app/ssambership-app/test/widgets/d1_visualization_test.dart: QuotaBar(D1-A) 한도 정보 없음(limit 0) → 아무것도 안 그림
✅ /home/runner/work/ssambership-app/ssambership-app/test/widgets/d1_visualization_test.dart: CountBadge(D1-D) 양수는 숫자 렌더
✅ /home/runner/work/ssambership-app/ssambership-app/test/widgets/d1_visualization_test.dart: CountBadge(D1-D) 0이면 숨김
✅ /home/runner/work/ssambership-app/ssambership-app/test/widgets/d1_visualization_test.dart: CountBadge(D1-D) max 초과는 "99+"
✅ /home/runner/work/ssambership-app/ssambership-app/test/widgets/d1_visualization_test.dart: StatusDot / StatusPill(D1-B) showDot=true 면 상태 도트가 붙는다
✅ /home/runner/work/ssambership-app/ssambership-app/test/widgets/d1_visualization_test.dart: StatusDot / StatusPill(D1-B) showDot=false 면 도트 없음
✅ /home/runner/work/ssambership-app/ssambership-app/test/widgets/d1_visualization_test.dart: MoneyDisplay(D1-C) 라벨 + 금액 렌더
✅ /home/runner/work/ssambership-app/ssambership-app/test/widgets/message_image_attachment_test.dart: 렌더 + 네트워크 실패 시 플레이스홀더(깨진 이미지 아이콘)
✅ /home/runner/work/ssambership-app/ssambership-app/test/widgets/message_image_attachment_test.dart: 탭하면 onOpen 콜백 호출
✅ /home/runner/work/ssambership-app/ssambership-app/test/widgets/thread_card_test.dart: 제목·과목(한글)·상태칩(한글) 렌더, 영문 코드 비노출
✅ /home/runner/work/ssambership-app/ssambership-app/test/widgets/thread_card_test.dart: 제목 없으면 "(제목 없음)" 폴백
✅ /home/runner/work/ssambership-app/ssambership-app/test/widgets/thread_card_test.dart: 오답노트 배지 렌더
✅ /home/runner/work/ssambership-app/ssambership-app/test/widgets/thread_card_test.dart: bottomAction 주입 시 렌더(예: 학생 답변 확인 버튼)
✅ /home/runner/work/ssambership-app/ssambership-app/test/widgets/thread_card_test.dart: 카드 탭 → onOpen 콜백
✅ /home/runner/work/ssambership-app/ssambership-app/test/widgets/empty_state_test.dart: 아이콘·제목·본문을 렌더한다
✅ /home/runner/work/ssambership-app/ssambership-app/test/widgets/empty_state_test.dart: CTA는 label+콜백이 있을 때만 노출된다
✅ /home/runner/work/ssambership-app/ssambership-app/test/widgets/empty_state_test.dart: CTA 탭 시 콜백이 호출된다
✅ /home/runner/work/ssambership-app/ssambership-app/test/widgets/status_tabs_test.dart: 상태 탭 3종(대기/진행/완료)이 모두 렌더된다
✅ /home/runner/work/ssambership-app/ssambership-app/test/widgets/status_tabs_test.dart: 탭 선택 콜백이 인덱스를 전달한다

🎉 685 tests passed.
